Archive member included to satisfy reference by file (symbol)

c:/program files/microchip/xc32/v4.30/bin/bin/../../lib/gcc/pic32c/8.3.1/../../../../pic32c/lib/thumb/v7e-m+fp/hard\libpic32c.a(data_init.o)
                              build/sam_e51_cnano/production/_ext/570918426/startup_xc32.o (__pic32c_data_initialization)
c:/program files/microchip/xc32/v4.30/bin/bin/../../lib/gcc/pic32c/8.3.1/../../../../pic32c/lib/thumb/v7e-m+fp/hard\libc-musl.a(__libc_start_main.o)
                              build/sam_e51_cnano/production/_ext/570918426/startup_xc32.o (__libc_init_array)
c:/program files/microchip/xc32/v4.30/bin/bin/../../lib/gcc/pic32c/8.3.1/../../../../pic32c/lib/thumb/v7e-m+fp/hard\libc-musl.a(libc.o)
                              c:/program files/microchip/xc32/v4.30/bin/bin/../../lib/gcc/pic32c/8.3.1/../../../../pic32c/lib/thumb/v7e-m+fp/hard\libc-musl.a(__libc_start_main.o) (__progname_full)
c:/program files/microchip/xc32/v4.30/bin/bin/../../lib/gcc/pic32c/8.3.1/../../../../pic32c/lib/thumb/v7e-m+fp/hard\libc-musl.a(__sio_snprintf_cdns.o)
                              (_snprintf_cdns)
c:/program files/microchip/xc32/v4.30/bin/bin/../../lib/gcc/pic32c/8.3.1/../../../../pic32c/lib/thumb/v7e-m+fp/hard\libc-musl.a(__fmt_d.o)
                              c:/program files/microchip/xc32/v4.30/bin/bin/../../lib/gcc/pic32c/8.3.1/../../../../pic32c/lib/thumb/v7e-m+fp/hard\libc-musl.a(__sio_snprintf_cdns.o) (__fmt_d_needed)
c:/program files/microchip/xc32/v4.30/bin/bin/../../lib/gcc/pic32c/8.3.1/../../../../pic32c/lib/thumb/v7e-m+fp/hard\libc-musl.a(__fmt_s.o)
                              c:/program files/microchip/xc32/v4.30/bin/bin/../../lib/gcc/pic32c/8.3.1/../../../../pic32c/lib/thumb/v7e-m+fp/hard\libc-musl.a(__sio_snprintf_cdns.o) (__fmt_s_needed)
c:/program files/microchip/xc32/v4.30/bin/bin/../../lib/gcc/pic32c/8.3.1/../../../../pic32c/lib/thumb/v7e-m+fp/hard\libc-musl.a(__pop_int.o)
                              c:/program files/microchip/xc32/v4.30/bin/bin/../../lib/gcc/pic32c/8.3.1/../../../../pic32c/lib/thumb/v7e-m+fp/hard\libc-musl.a(__sio_snprintf_cdns.o) (__pop_int_needed)
c:/program files/microchip/xc32/v4.30/bin/bin/../../lib/gcc/pic32c/8.3.1/../../../../pic32c/lib/thumb/v7e-m+fp/hard\libc-musl.a(__pop_ptr.o)
                              c:/program files/microchip/xc32/v4.30/bin/bin/../../lib/gcc/pic32c/8.3.1/../../../../pic32c/lib/thumb/v7e-m+fp/hard\libc-musl.a(__sio_snprintf_cdns.o) (__pop_ptr_needed)
c:/program files/microchip/xc32/v4.30/bin/bin/../../lib/gcc/pic32c/8.3.1/../../../../pic32c/lib/thumb/v7e-m+fp/hard\libc-musl.a(__printf_core.o)
                              c:/program files/microchip/xc32/v4.30/bin/bin/../../lib/gcc/pic32c/8.3.1/../../../../pic32c/lib/thumb/v7e-m+fp/hard\libc-musl.a(__fmt_d.o) (__pad)
c:/program files/microchip/xc32/v4.30/bin/bin/../../lib/gcc/pic32c/8.3.1/../../../../pic32c/lib/thumb/v7e-m+fp/hard\libc-musl.a(atoi.o)
                              c:/program files/microchip/xc32/v4.30/bin/bin/../../lib/gcc/pic32c/8.3.1/../../../../pic32c/lib/thumb/v7e-m+fp/hard\libc-musl.a(__printf_core.o) (atoi)
c:/program files/microchip/xc32/v4.30/bin/bin/../../lib/gcc/pic32c/8.3.1/../../../../pic32c/lib/thumb/v7e-m+fp/hard\libc-musl.a(memcpy.o)
                              build/sam_e51_cnano/production/_ext/226030394/plib_nvmctrl.o (memcpy)
c:/program files/microchip/xc32/v4.30/bin/bin/../../lib/gcc/pic32c/8.3.1/../../../../pic32c/lib/thumb/v7e-m+fp/hard\libc-musl.a(memset.o)
                              c:/program files/microchip/xc32/v4.30/bin/bin/../../lib/gcc/pic32c/8.3.1/../../../../pic32c/lib/thumb/v7e-m+fp/hard\libc-musl.a(__printf_core.o) (memset)
c:/program files/microchip/xc32/v4.30/bin/bin/../../lib/gcc/pic32c/8.3.1/../../../../pic32c/lib/thumb/v7e-m+fp/hard\libc-musl.a(strlen.o)
                              build/sam_e51_cnano/production/_ext/1360937237/main.o (strlen)
c:/program files/microchip/xc32/v4.30/bin/bin/../../lib/gcc/pic32c/8.3.1/../../../../pic32c/lib/thumb/v7e-m+fp/hard\libc-musl.a(strcmp.o)
                              build/sam_e51_cnano/production/_ext/1360937237/main.o (strcmp)
c:/program files/microchip/xc32/v4.30/bin/bin/../../lib/gcc/pic32c/8.3.1/../../../../pic32c/lib/thumb/v7e-m+fp/hard\libc-musl.a(tolower.o)
                              c:/program files/microchip/xc32/v4.30/bin/bin/../../lib/gcc/pic32c/8.3.1/../../../../pic32c/lib/thumb/v7e-m+fp/hard\libc-musl.a(__printf_core.o) (tolower)
c:/program files/microchip/xc32/v4.30/bin/bin/../../lib/gcc/pic32c/8.3.1/../../../../pic32c/lib/thumb/v7e-m+fp/hard\libc-musl.a(__environ.o)
                              c:/program files/microchip/xc32/v4.30/bin/bin/../../lib/gcc/pic32c/8.3.1/../../../../pic32c/lib/thumb/v7e-m+fp/hard\libc-musl.a(__libc_start_main.o) (__environ)
c:/program files/microchip/xc32/v4.30/bin/bin/../../lib/gcc/pic32c/8.3.1/../../../../pic32c/lib/thumb/v7e-m+fp/hard\libc-musl.a(__errno_location.o)
[...]
Memory Configuration

Name             Origin             Length             Attributes
rom              0x00000000         0x00100000         xrl
ram              0x20000000         0x00040000         xw !r
tcm              0x03000000         0x00000000         xw
config_00804000  0x00804000         0x00000004
config_00804008  0x00804008         0x00000004
config_00804004  0x00804004         0x00000004
*default*        0x00000000         0xffffffff

Linker script and memory map

LOAD c:/program files/microchip/xc32/v4.30/bin/bin/../../lib/gcc/pic32c/8.3.1/thumb/v7e-m+fp/hard/crti.o
LOAD c:/program files/microchip/xc32/v4.30/bin/bin/../../lib/gcc/pic32c/8.3.1/thumb/v7e-m+fp/hard/crtbegin.o
LOAD build/sam_e51_cnano/production/_ext/7187140/plib_clock.o
LOAD build/sam_e51_cnano/production/_ext/831051564/plib_cmcc.o
LOAD build/sam_e51_cnano/production/_ext/831021835/plib_dmac.o
LOAD build/sam_e51_cnano/production/_ext/1220119669/plib_eic.o
LOAD build/sam_e51_cnano/production/_ext/9336626/plib_evsys.o
LOAD build/sam_e51_cnano/production/_ext/830715028/plib_nvic.o
LOAD build/sam_e51_cnano/production/_ext/226030394/plib_nvmctrl.o
LOAD build/sam_e51_cnano/production/_ext/830661877/plib_port.o
LOAD build/sam_e51_cnano/production/_ext/1220132503/plib_rtc_timer.o
LOAD build/sam_e51_cnano/production/_ext/314480351/plib_sercom5_usart.o
LOAD build/sam_e51_cnano/production/_ext/865175840/xc32_monitor.o
LOAD build/sam_e51_cnano/production/_ext/570918426/initialization.o
LOAD build/sam_e51_cnano/production/_ext/570918426/interrupts.o
LOAD build/sam_e51_cnano/production/_ext/570918426/exceptions.o
LOAD build/sam_e51_cnano/production/_ext/570918426/startup_xc32.o
LOAD build/sam_e51_cnano/production/_ext/570918426/libc_syscalls.o
LOAD build/sam_e51_cnano/production/_ext/1360937237/main.o
LOAD build/sam_e51_cnano/production/_ext/1360937237/asmFunc.o
                0x00000001                __MPLAB_BUILD = 0x1
                0x00100000                __rom_end = (ORIGIN (rom) + LENGTH (rom))
                0x20040000                __ram_end = (ORIGIN (ram) + LENGTH (ram))

.config_00804000
 *(.config_00804000)

.config_00804008
 *(.config_00804008)

.config_00804004
 *(.config_00804004)

.vectors        0x00000000      0x260
                0x00000000                . = ALIGN (0x4)
                0x00000000                _sfixed = .
 *(.vectors .vectors.* .vectors_default .vectors_default.*)
 .vectors.exception_table
                0x00000000      0x260 build/sam_e51_cnano/production/_ext/570918426/interrupts.o
                0x00000000                exception_table
 *(.isr_vector)
 *(.reset*)
 *(.after_vectors)

.text           0x00000260       0x20
                0x00000260                . = ALIGN (0x4)
 *(.glue_7t)
 .glue_7t       0x00000260        0x0 linker stubs
 *(.glue_7)
 .glue_7        0x00000260        0x0 linker stubs
 *(.gnu.linkonce.r.*)
 *(.ARM.extab* .gnu.linkonce.armextab.*)
                0x00000260                . = ALIGN (0x4)
 *(.init)
 .init          0x00000260        0x4 c:/program files/microchip/xc32/v4.30/bin/bin/../../lib/gcc/pic32c/8.3.1/thumb/v7e-m+fp/hard/crti.o
                0x00000260                _init
 .init          0x00000264        0x8 c:/program files/microchip/xc32/v4.30/bin/bin/../../lib/gcc/pic32c/8.3.1/thumb/v7e-m+fp/hard/crtn.o
                0x0000026c                . = ALIGN (0x4)
                0x0000026c                __preinit_array_start = .
 *(.preinit_array)
                0x0000026c                __preinit_array_end = .
                0x0000026c                . = ALIGN (0x4)
                0x0000026c                __init_array_start = .
 *(SORT_BY_NAME(.init_array.*))
 *(.init_array)
 .init_array    0x0000026c        0x4 c:/program files/microchip/xc32/v4.30/bin/bin/../../lib/gcc/pic32c/8.3.1/thumb/v7e-m+fp/hard/crtbegin.o
                0x00000270                __init_array_end = .
                0x00000270                . = ALIGN (0x4)
 *crtbegin.o(.ctors)
 *(EXCLUDE_FILE(*crtend.o) .ctors)
 *(SORT_BY_NAME(.ctors.*))
 *crtend.o(.ctors)
                0x00000270                . = ALIGN (0x4)
 *(.fini)
 .fini          0x00000270        0x4 c:/program files/microchip/xc32/v4.30/bin/bin/../../lib/gcc/pic32c/8.3.1/thumb/v7e-m+fp/hard/crti.o
                0x00000270                _fini
 .fini          0x00000274        0x8 c:/program files/microchip/xc32/v4.30/bin/bin/../../lib/gcc/pic32c/8.3.1/thumb/v7e-m+fp/hard/crtn.o
                0x0000027c                . = ALIGN (0x4)
                0x0000027c                __fini_array_start = .
 *(.fini_array)
 .fini_array    0x0000027c        0x4 c:/program files/microchip/xc32/v4.30/bin/bin/../../lib/gcc/pic32c/8.3.1/thumb/v7e-m+fp/hard/crtbegin.o
 *(SORT_BY_NAME(.fini_array.*))
                0x00000280                __fini_array_end = .
 *crtbegin.o(.dtors)
 *(EXCLUDE_FILE(*crtend.o) .dtors)
 *(SORT_BY_NAME(.dtors.*))
 *crtend.o(.dtors)
                0x00000280                . = ALIGN (0x4)
                0x00000280                _efixed = .
                [!provide]                PROVIDE (__exidx_start = .)

.ARM.exidx      0x00000280        0x8
 *(.ARM.exidx* .gnu.linkonce.armexidx.*)
 .ARM.exidx     0x00000280        0x8 c:/program files/microchip/xc32/v4.30/bin/bin/../../lib/gcc/pic32c/8.3.1/thumb/v7e-m+fp/hard\libgcc.a(_udivmoddi4.o)
                [!provide]                PROVIDE (__exidx_end = .)
                0x00000288                . = ALIGN (0x4)
                0x00000288                _etext = .

.bss            0x20000000       0x10
                0x20000000                . = ALIGN (0x4)
                0x20000000                __bss_start__ = .
                0x20000000                _sbss = .
                0x20000000                _szero = .
 *(COMMON)
 COMMON         0x20000000       0x10 build/sam_e51_cnano/production/_ext/831021835/plib_dmac.o
                0x20000000                dmacChannelObj
                0x20000010                . = ALIGN (0x4)
                0x20000010                __bss_end__ = .
                0x20000010                _ebss = .
                0x20000010                _ezero = .
                0x20000010                . = ALIGN (0x4)
                0x20000010                _end = .
                0x2003ffff                _ram_end_ = ((ORIGIN (ram) + LENGTH (ram)) - 0x1)
                0x00000200                _min_heap_size = 0x200
START GROUP
LOAD c:/program files/microchip/xc32/v4.30/bin/bin/../../lib/gcc/pic32c/8.3.1/../../../../pic32c/lib/thumb/v7e-m+fp/hard\libpic32c.a
LOAD c:/program files/microchip/xc32/v4.30/bin/bin/../../lib/gcc/pic32c/8.3.1/../../../../pic32c/lib/thumb/v7e-m+fp/hard\libm-fast-emfloat.a
LOAD c:/program files/microchip/xc32/v4.30/bin/bin/../../lib/gcc/pic32c/8.3.1/../../../../pic32c/lib/thumb/v7e-m+fp/hard\libc-musl.a
LOAD c:/program files/microchip/xc32/v4.30/bin/bin/../../lib/gcc/pic32c/8.3.1/../../../../pic32c/lib/thumb/v7e-m+fp/hard\libm-fast-emfloat.a
LOAD c:/program files/microchip/xc32/v4.30/bin/bin/../../lib/gcc/pic32c/8.3.1/thumb/v7e-m+fp/hard\libgcc.a
END GROUP
LOAD c:/program files/microchip/xc32/v4.30/bin/bin/../../lib/gcc/pic32c/8.3.1/thumb/v7e-m+fp/hard/crtend.o
LOAD c:/program files/microchip/xc32/v4.30/bin/bin/../../lib/gcc/pic32c/8.3.1/thumb/v7e-m+fp/hard/crtn.o
OUTPUT(dist/sam_e51_cnano/production/Lab-02-starter.X.production.elf elf32-littlearm)
LOAD data_init
LOAD stack

.ARM.attributes
                0x00000000       0x32
 .ARM.attributes
                0x00000000       0x1e c:/program files/microchip/xc32/v4.30/bin/bin/../../lib/gcc/pic32c/8.3.1/thumb/v7e-m+fp/hard/crti.o
 .ARM.attributes
                0x0000001e       0x34 c:/program files/microchip/xc32/v4.30/bin/bin/../../lib/gcc/pic32c/8.3.1/thumb/v7e-m+fp/hard/crtbegin.o
 .ARM.attributes
                0x00000052       0x34 build/sam_e51_cnano/production/_ext/7187140/plib_clock.o
 .ARM.attributes
                0x00000086       0x34 build/sam_e51_cnano/production/_ext/831021835/plib_dmac.o
 .ARM.attributes
                0x000000ba       0x34 build/sam_e51_cnano/production/_ext/1220119669/plib_eic.o
 .ARM.attributes
                0x000000ee       0x34 build/sam_e51_cnano/production/_ext/9336626/plib_evsys.o
 .ARM.attributes
                0x00000122       0x34 build/sam_e51_cnano/production/_ext/830715028/plib_nvic.o
 .ARM.attributes
                0x00000156       0x34 build/sam_e51_cnano/production/_ext/226030394/plib_nvmctrl.o
 .ARM.attributes
                0x0000018a       0x34 build/sam_e51_cnano/production/_ext/830661877/plib_port.o
 .ARM.attributes
                0x000001be       0x34 build/sam_e51_cnano/production/_ext/1220132503/plib_rtc_timer.o
 .ARM.attributes
                0x000001f2       0x34 build/sam_e51_cnano/production/_ext/314480351/plib_sercom5_usart.o
 .ARM.attributes
                0x00000226       0x34 build/sam_e51_cnano/production/_ext/570918426/initialization.o
 .ARM.attributes
                0x0000025a       0x34 build/sam_e51_cnano/production/_ext/570918426/interrupts.o
 .ARM.attributes
                0x0000028e       0x34 build/sam_e51_cnano/production/_ext/570918426/exceptions.o
 .ARM.attributes
                0x000002c2       0x34 build/sam_e51_cnano/production/_ext/570918426/startup_xc32.o
 .ARM.attributes
                0x000002f6       0x34 build/sam_e51_cnano/production/_ext/1360937237/main.o
 .ARM.attributes
                0x0000032a       0x20 build/sam_e51_cnano/production/_ext/1360937237/asmFunc.o
 .ARM.attributes
                0x0000034a       0x34 c:/program files/microchip/xc32/v4.30/bin/bin/../../lib/gcc/pic32c/8.3.1/../../../../pic32c/lib/thumb/v7e-m+fp/hard\libpic32c.a(data_init.o)
 .ARM.attributes
                0x0000037e       0x36 c:/program files/microchip/xc32/v4.30/bin/bin/../../lib/gcc/pic32c/8.3.1/../../../../pic32c/lib/thumb/v7e-m+fp/hard\libc-musl.a(__libc_start_main.o)
 .ARM.attributes
                0x000003b4       0x34 c:/program files/microchip/xc32/v4.30/bin/bin/../../lib/gcc/pic32c/8.3.1/../../../../pic32c/lib/thumb/v7e-m+fp/hard\libc-musl.a(libc.o)
 .ARM.attributes
                0x000003e8       0x36 c:/program files/microchip/xc32/v4.30/bin/bin/../../lib/gcc/pic32c/8.3.1/../../../../pic32c/lib/thumb/v7e-m+fp/hard\libc-musl.a(__sio_snprintf_cdns.o)
 .ARM.attributes
                0x0000041e       0x36 c:/program files/microchip/xc32/v4.30/bin/bin/../../lib/gcc/pic32c/8.3.1/../../../../pic32c/lib/thumb/v7e-m+fp/hard\libc-musl.a(__fmt_d.o)
 .ARM.attributes
                0x00000454       0x36 c:/program files/microchip/xc32/v4.30/bin/bin/../../lib/gcc/pic32c/8.3.1/../../../../pic32c/lib/thumb/v7e-m+fp/hard\libc-musl.a(__fmt_s.o)
 .ARM.attributes
                0x0000048a       0x36 c:/program files/microchip/xc32/v4.30/bin/bin/../../lib/gcc/pic32c/8.3.1/../../../../pic32c/lib/thumb/v7e-m+fp/hard\libc-musl.a(__pop_int.o)
 .ARM.attributes
                0x000004c0       0x36 c:/program files/microchip/xc32/v4.30/bin/bin/../../lib/gcc/pic32c/8.3.1/../../../../pic32c/lib/thumb/v7e-m+fp/hard\libc-musl.a(__pop_ptr.o)
 .ARM.attributes
                0x000004f6       0x36 c:/program files/microchip/xc32/v4.30/bin/bin/../../lib/gcc/pic32c/8.3.1/../../../../pic32c/lib/thumb/v7e-m+fp/hard\libc-musl.a(__printf_core.o)
 .ARM.attributes
                0x0000052c       0x36 c:/program files/microchip/xc32/v4.30/bin/bin/../../lib/gcc/pic32c/8.3.1/../../../../pic32c/lib/thumb/v7e-m+fp/hard\libc-musl.a(atoi.o)
 .ARM.attributes
                0x00000562       0x36 c:/program files/microchip/xc32/v4.30/bin/bin/../../lib/gcc/pic32c/8.3.1/../../../../pic32c/lib/thumb/v7e-m+fp/hard\libc-musl.a(memcpy.o)
 .ARM.attributes
                0x00000598       0x36 c:/program files/microchip/xc32/v4.30/bin/bin/../../lib/gcc/pic32c/8.3.1/../../../../pic32c/lib/thumb/v7e-m+fp/hard\libc-musl.a(memset.o)
 .ARM.attributes
                0x000005ce       0x36 c:/program files/microchip/xc32/v4.30/bin/bin/../../lib/gcc/pic32c/8.3.1/../../../../pic32c/lib/thumb/v7e-m+fp/hard\libc-musl.a(strlen.o)
 .ARM.attributes
                0x00000604       0x36 c:/program files/microchip/xc32/v4.30/bin/bin/../../lib/gcc/pic32c/8.3.1/../../../../pic32c/lib/thumb/v7e-m+fp/hard\libc-musl.a(strcmp.o)
 .ARM.attributes
                0x0000063a       0x36 c:/program files/microchip/xc32/v4.30/bin/bin/../../lib/gcc/pic32c/8.3.1/../../../../pic32c/lib/thumb/v7e-m+fp/hard\libc-musl.a(tolower.o)
 .ARM.attributes
                0x00000670       0x34 c:/program files/microchip/xc32/v4.30/bin/bin/../../lib/gcc/pic32c/8.3.1/../../../../pic32c/lib/thumb/v7e-m+fp/hard\libc-musl.a(__environ.o)
 .ARM.attributes
                0x000006a4       0x34 c:/program files/microchip/xc32/v4.30/bin/bin/../../lib/gcc/pic32c/8.3.1/../../../../pic32c/lib/thumb/v7e-m+fp/hard\libc-musl.a(__errno_location.o)
 .ARM.attributes
                0x000006d8       0x36 c:/program files/microchip/xc32/v4.30/bin/bin/../../lib/gcc/pic32c/8.3.1/../../../../pic32c/lib/thumb/v7e-m+fp/hard\libc-musl.a(__int_vsnprintf.o)
 .ARM.attributes
                0x0000070e       0x36 c:/program files/microchip/xc32/v4.30/bin/bin/../../lib/gcc/pic32c/8.3.1/../../../../pic32c/lib/thumb/v7e-m+fp/hard\libc-musl.a(__cvt_u.o)
 .ARM.attributes
                0x00000744       0x36 c:/program files/microchip/xc32/v4.30/bin/bin/../../lib/gcc/pic32c/8.3.1/../../../../pic32c/lib/thumb/v7e-m+fp/hard\libc-musl.a(__pop_float.o)
 .ARM.attributes
                0x0000077a       0x36 c:/program files/microchip/xc32/v4.30/bin/bin/../../lib/gcc/pic32c/8.3.1/../../../../pic32c/lib/thumb/v7e-m+fp/hard\libc-musl.a(__int_vfprintf.o)
 .ARM.attributes
                0x000007b0       0x1e c:/program files/microchip/xc32/v4.30/bin/bin/../../lib/gcc/pic32c/8.3.1/thumb/v7e-m+fp/hard\libgcc.a(_aeabi_uldivmod.o)
 .ARM.attributes
                0x000007ce       0x34 c:/program files/microchip/xc32/v4.30/bin/bin/../../lib/gcc/pic32c/8.3.1/thumb/v7e-m+fp/hard\libgcc.a(_udivmoddi4.o)
 .ARM.attributes
                0x00000802       0x1e c:/program files/microchip/xc32/v4.30/bin/bin/../../lib/gcc/pic32c/8.3.1/thumb/v7e-m+fp/hard\libgcc.a(_dvmd_tls.o)
 .ARM.attributes
                0x00000820       0x1e c:/program files/microchip/xc32/v4.30/bin/bin/../../lib/gcc/pic32c/8.3.1/thumb/v7e-m+fp/hard/crtn.o
 .ARM.attributes
                0x0000083e       0x34 c:/program files/microchip/xc32/v4.30/bin/bin/../../lib/gcc/pic32c/8.3.1/../../../../pic32c/lib/thumb/v7e-m+fp/hard\libpic32c.a(pic32_data_init_clear.o)
 .ARM.attributes
                0x00000872       0x34 c:/program files/microchip/xc32/v4.30/bin/bin/../../lib/gcc/pic32c/8.3.1/../../../../pic32c/lib/thumb/v7e-m+fp/hard\libpic32c.a(pic32_data_init_copy.o)

.comment        0x00000000       0x2b
 .comment       0x00000000       0x2b c:/program files/microchip/xc32/v4.30/bin/bin/../../lib/gcc/pic32c/8.3.1/thumb/v7e-m+fp/hard/crtbegin.o
                                 0x2c (size before relaxing)
 .comment       0x0000002b       0x2c build/sam_e51_cnano/production/_ext/7187140/plib_clock.o
 .comment       0x0000002b       0x2c build/sam_e51_cnano/production/_ext/831021835/plib_dmac.o
 .comment       0x0000002b       0x2c build/sam_e51_cnano/production/_ext/1220119669/plib_eic.o
 .comment       0x0000002b       0x2c build/sam_e51_cnano/production/_ext/9336626/plib_evsys.o
 .comment       0x0000002b       0x2c build/sam_e51_cnano/production/_ext/830715028/plib_nvic.o
 .comment       0x0000002b       0x2c build/sam_e51_cnano/production/_ext/226030394/plib_nvmctrl.o
 .comment       0x0000002b       0x2c build/sam_e51_cnano/production/_ext/830661877/plib_port.o
 .comment       0x0000002b       0x2c build/sam_e51_cnano/production/_ext/1220132503/plib_rtc_timer.o
 .comment       0x0000002b       0x2c build/sam_e51_cnano/production/_ext/314480351/plib_sercom5_usart.o
 .comment       0x0000002b       0x2c build/sam_e51_cnano/production/_ext/570918426/initialization.o
 .comment       0x0000002b       0x2c build/sam_e51_cnano/production/_ext/570918426/interrupts.o
 .comment       0x0000002b       0x2c build/sam_e51_cnano/production/_ext/570918426/exceptions.o
 .comment       0x0000002b       0x2c build/sam_e51_cnano/production/_ext/570918426/startup_xc32.o
 .comment       0x0000002b       0x2c build/sam_e51_cnano/production/_ext/1360937237/main.o
 .comment       0x0000002b       0x2c c:/program files/microchip/xc32/v4.30/bin/bin/../../lib/gcc/pic32c/8.3.1/../../../../pic32c/lib/thumb/v7e-m+fp/hard\libpic32c.a(data_init.o)
 .comment       0x0000002b       0x2c c:/program files/microchip/xc32/v4.30/bin/bin/../../lib/gcc/pic32c/8.3.1/../../../../pic32c/lib/thumb/v7e-m+fp/hard\libc-musl.a(__libc_start_main.o)
 .comment       0x0000002b       0x2c c:/program files/microchip/xc32/v4.30/bin/bin/../../lib/gcc/pic32c/8.3.1/../../../../pic32c/lib/thumb/v7e-m+fp/hard\libc-musl.a(libc.o)
 .comment       0x0000002b       0x2c c:/program files/microchip/xc32/v4.30/bin/bin/../../lib/gcc/pic32c/8.3.1/../../../../pic32c/lib/thumb/v7e-m+fp/hard\libc-musl.a(__sio_snprintf_cdns.o)
 .comment       0x0000002b       0x2c c:/program files/microchip/xc32/v4.30/bin/bin/../../lib/gcc/pic32c/8.3.1/../../../../pic32c/lib/thumb/v7e-m+fp/hard\libc-musl.a(__fmt_d.o)
 .comment       0x0000002b       0x2c c:/program files/microchip/xc32/v4.30/bin/bin/../../lib/gcc/pic32c/8.3.1/../../../../pic32c/lib/thumb/v7e-m+fp/hard\libc-musl.a(__fmt_s.o)
 .comment       0x0000002b       0x2c c:/program files/microchip/xc32/v4.30/bin/bin/../../lib/gcc/pic32c/8.3.1/../../../../pic32c/lib/thumb/v7e-m+fp/hard\libc-musl.a(__pop_int.o)
 .comment       0x0000002b       0x2c c:/program files/microchip/xc32/v4.30/bin/bin/../../lib/gcc/pic32c/8.3.1/../../../../pic32c/lib/thumb/v7e-m+fp/hard\libc-musl.a(__pop_ptr.o)
 .comment       0x0000002b       0x2c c:/program files/microchip/xc32/v4.30/bin/bin/../../lib/gcc/pic32c/8.3.1/../../../../pic32c/lib/thumb/v7e-m+fp/hard\libc-musl.a(__printf_core.o)
 .comment       0x0000002b       0x2c c:/program files/microchip/xc32/v4.30/bin/bin/../../lib/gcc/pic32c/8.3.1/../../../../pic32c/lib/thumb/v7e-m+fp/hard\libc-musl.a(atoi.o)
 .comment       0x0000002b       0x2c c:/program files/microchip/xc32/v4.30/bin/bin/../../lib/gcc/pic32c/8.3.1/../../../../pic32c/lib/thumb/v7e-m+fp/hard\libc-musl.a(memcpy.o)
 .comment       0x0000002b       0x2c c:/program files/microchip/xc32/v4.30/bin/bin/../../lib/gcc/pic32c/8.3.1/../../../../pic32c/lib/thumb/v7e-m+fp/hard\libc-musl.a(memset.o)
 .comment       0x0000002b       0x2c c:/program files/microchip/xc32/v4.30/bin/bin/../../lib/gcc/pic32c/8.3.1/../../../../pic32c/lib/thumb/v7e-m+fp/hard\libc-musl.a(strlen.o)
 .comment       0x0000002b       0x2c c:/program files/microchip/xc32/v4.30/bin/bin/../../lib/gcc/pic32c/8.3.1/../../../../pic32c/lib/thumb/v7e-m+fp/hard\libc-musl.a(strcmp.o)
 .comment       0x0000002b       0x2c c:/program files/microchip/xc32/v4.30/bin/bin/../../lib/gcc/pic32c/8.3.1/../../../../pic32c/lib/thumb/v7e-m+fp/hard\libc-musl.a(tolower.o)
 .comment       0x0000002b       0x2c c:/program files/microchip/xc32/v4.30/bin/bin/../../lib/gcc/pic32c/8.3.1/../../../../pic32c/lib/thumb/v7e-m+fp/hard\libc-musl.a(__environ.o)
 .comment       0x0000002b       0x2c c:/program files/microchip/xc32/v4.30/bin/bin/../../lib/gcc/pic32c/8.3.1/../../../../pic32c/lib/thumb/v7e-m+fp/hard\libc-musl.a(__errno_location.o)
 .comment       0x0000002b       0x2c c:/program files/microchip/xc32/v4.30/bin/bin/../../lib/gcc/pic32c/8.3.1/../../../../pic32c/lib/thumb/v7e-m+fp/hard\libc-musl.a(__int_vsnprintf.o)
 .comment       0x0000002b       0x2c c:/program files/microchip/xc32/v4.30/bin/bin/../../lib/gcc/pic32c/8.3.1/../../../../pic32c/lib/thumb/v7e-m+fp/hard\libc-musl.a(__cvt_u.o)
 .comment       0x0000002b       0x2c c:/program files/microchip/xc32/v4.30/bin/bin/../../lib/gcc/pic32c/8.3.1/../../../../pic32c/lib/thumb/v7e-m+fp/hard\libc-musl.a(__pop_float.o)
 .comment       0x0000002b       0x2c c:/program files/microchip/xc32/v4.30/bin/bin/../../lib/gcc/pic32c/8.3.1/../../../../pic32c/lib/thumb/v7e-m+fp/hard\libc-musl.a(__int_vfprintf.o)
 .comment       0x0000002b       0x2c c:/program files/microchip/xc32/v4.30/bin/bin/../../lib/gcc/pic32c/8.3.1/thumb/v7e-m+fp/hard\libgcc.a(_udivmoddi4.o)
 .comment       0x0000002b       0x2c c:/program files/microchip/xc32/v4.30/bin/bin/../../lib/gcc/pic32c/8.3.1/../../../../pic32c/lib/thumb/v7e-m+fp/hard\libpic32c.a(pic32_data_init_clear.o)
 .comment       0x0000002b       0x2c c:/program files/microchip/xc32/v4.30/bin/bin/../../lib/gcc/pic32c/8.3.1/../../../../pic32c/lib/thumb/v7e-m+fp/hard\libpic32c.a(pic32_data_init_copy.o)

.debug_info     0x00000000    0x11a03
 .debug_info    0x00000000      0xb79 build/sam_e51_cnano/production/_ext/7187140/plib_clock.o
 .debug_info    0x00000b79     0x11a4 build/sam_e51_cnano/production/_ext/831021835/plib_dmac.o
 .debug_info    0x00001d1d      0x73c build/sam_e51_cnano/production/_ext/1220119669/plib_eic.o
 .debug_info    0x00002459      0x34d build/sam_e51_cnano/production/_ext/9336626/plib_evsys.o
 .debug_info    0x000027a6     0x12bc build/sam_e51_cnano/production/_ext/830715028/plib_nvic.o
 .debug_info    0x00003a62      0xc61 build/sam_e51_cnano/production/_ext/226030394/plib_nvmctrl.o
 .debug_info    0x000046c3      0xdd0 build/sam_e51_cnano/production/_ext/830661877/plib_port.o
 .debug_info    0x00005493     0x1018 build/sam_e51_cnano/production/_ext/1220132503/plib_rtc_timer.o
 .debug_info    0x000064ab     0x1339 build/sam_e51_cnano/production/_ext/314480351/plib_sercom5_usart.o
 .debug_info    0x000077e4      0x35a build/sam_e51_cnano/production/_ext/570918426/initialization.o
 .debug_info    0x00007b3e     0x16ac build/sam_e51_cnano/production/_ext/570918426/interrupts.o
 .debug_info    0x000091ea      0x414 build/sam_e51_cnano/production/_ext/570918426/exceptions.o
 .debug_info    0x000095fe      0x876 build/sam_e51_cnano/production/_ext/570918426/startup_xc32.o
 .debug_info    0x00009e74     0x1400 build/sam_e51_cnano/production/_ext/1360937237/main.o
 .debug_info    0x0000b274       0x26 build/sam_e51_cnano/production/_ext/1360937237/asmFunc.o
 .debug_info    0x0000b29a      0x2bd c:/program files/microchip/xc32/v4.30/bin/bin/../../lib/gcc/pic32c/8.3.1/../../../../pic32c/lib/thumb/v7e-m+fp/hard\libpic32c.a(data_init.o)
 .debug_info    0x0000b557      0x621 c:/program files/microchip/xc32/v4.30/bin/bin/../../lib/gcc/pic32c/8.3.1/../../../../pic32c/lib/thumb/v7e-m+fp/hard\libc-musl.a(__libc_start_main.o)
 .debug_info    0x0000bb78      0x533 c:/program files/microchip/xc32/v4.30/bin/bin/../../lib/gcc/pic32c/8.3.1/../../../../pic32c/lib/thumb/v7e-m+fp/hard\libc-musl.a(libc.o)
 .debug_info    0x0000c0ab      0x464 c:/program files/microchip/xc32/v4.30/bin/bin/../../lib/gcc/pic32c/8.3.1/../../../../pic32c/lib/thumb/v7e-m+fp/hard\libc-musl.a(__sio_snprintf_cdns.o)
 .debug_info    0x0000c50f      0x5c0 c:/program files/microchip/xc32/v4.30/bin/bin/../../lib/gcc/pic32c/8.3.1/../../../../pic32c/lib/thumb/v7e-m+fp/hard\libc-musl.a(__fmt_d.o)
 .debug_info    0x0000cacf      0x535 c:/program files/microchip/xc32/v4.30/bin/bin/../../lib/gcc/pic32c/8.3.1/../../../../pic32c/lib/thumb/v7e-m+fp/hard\libc-musl.a(__fmt_s.o)
 .debug_info    0x0000d004      0x3ff c:/program files/microchip/xc32/v4.30/bin/bin/../../lib/gcc/pic32c/8.3.1/../../../../pic32c/lib/thumb/v7e-m+fp/hard\libc-musl.a(__pop_int.o)
 .debug_info    0x0000d403      0x405 c:/program files/microchip/xc32/v4.30/bin/bin/../../lib/gcc/pic32c/8.3.1/../../../../pic32c/lib/thumb/v7e-m+fp/hard\libc-musl.a(__pop_ptr.o)
 .debug_info    0x0000d808      0xd6c c:/program files/microchip/xc32/v4.30/bin/bin/../../lib/gcc/pic32c/8.3.1/../../../../pic32c/lib/thumb/v7e-m+fp/hard\libc-musl.a(__printf_core.o)
 .debug_info    0x0000e574      0x2f9 c:/program files/microchip/xc32/v4.30/bin/bin/../../lib/gcc/pic32c/8.3.1/../../../../pic32c/lib/thumb/v7e-m+fp/hard\libc-musl.a(atoi.o)
 .debug_info    0x0000e86d      0x2ef c:/program files/microchip/xc32/v4.30/bin/bin/../../lib/gcc/pic32c/8.3.1/../../../../pic32c/lib/thumb/v7e-m+fp/hard\libc-musl.a(memcpy.o)
 .debug_info    0x0000eb5c      0x2b3 c:/program files/microchip/xc32/v4.30/bin/bin/../../lib/gcc/pic32c/8.3.1/../../../../pic32c/lib/thumb/v7e-m+fp/hard\libc-musl.a(memset.o)
 .debug_info    0x0000ee0f      0x2a4 c:/program files/microchip/xc32/v4.30/bin/bin/../../lib/gcc/pic32c/8.3.1/../../../../pic32c/lib/thumb/v7e-m+fp/hard\libc-musl.a(strlen.o)
 .debug_info    0x0000f0b3      0x289 c:/program files/microchip/xc32/v4.30/bin/bin/../../lib/gcc/pic32c/8.3.1/../../../../pic32c/lib/thumb/v7e-m+fp/hard\libc-musl.a(strcmp.o)
 .debug_info    0x0000f33c      0x351 c:/program files/microchip/xc32/v4.30/bin/bin/../../lib/gcc/pic32c/8.3.1/../../../../pic32c/lib/thumb/v7e-m+fp/hard\libc-musl.a(tolower.o)
 .debug_info    0x0000f68d      0x2ad c:/program files/microchip/xc32/v4.30/bin/bin/../../lib/gcc/pic32c/8.3.1/../../../../pic32c/lib/thumb/v7e-m+fp/hard\libc-musl.a(__environ.o)
 .debug_info    0x0000f93a      0x271 c:/program files/microchip/xc32/v4.30/bin/bin/../../lib/gcc/pic32c/8.3.1/../../../../pic32c/lib/thumb/v7e-m+fp/hard\libc-musl.a(__errno_location.o)
 .debug_info    0x0000fbab      0x4a4 c:/program files/microchip/xc32/v4.30/bin/bin/../../lib/gcc/pic32c/8.3.1/../../../../pic32c/lib/thumb/v7e-m+fp/hard\libc-musl.a(__int_vsnprintf.o)
 .debug_info    0x0001004f      0x441 c:/program files/microchip/xc32/v4.30/bin/bin/../../lib/gcc/pic32c/8.3.1/../../../../pic32c/lib/thumb/v7e-m+fp/hard\libc-musl.a(__cvt_u.o)
 .debug_info    0x00010490      0x3db c:/program files/microchip/xc32/v4.30/bin/bin/../../lib/gcc/pic32c/8.3.1/../../../../pic32c/lib/thumb/v7e-m+fp/hard\libc-musl.a(__pop_float.o)
 .debug_info    0x0001086b      0x477 c:/program files/microchip/xc32/v4.30/bin/bin/../../lib/gcc/pic32c/8.3.1/../../../../pic32c/lib/thumb/v7e-m+fp/hard\libc-musl.a(__int_vfprintf.o)
 .debug_info    0x00010ce2       0x26 c:/program files/microchip/xc32/v4.30/bin/bin/../../lib/gcc/pic32c/8.3.1/thumb/v7e-m+fp/hard\libgcc.a(_aeabi_uldivmod.o)
 .debug_info    0x00010d08      0x7aa c:/program files/microchip/xc32/v4.30/bin/bin/../../lib/gcc/pic32c/8.3.1/thumb/v7e-m+fp/hard\libgcc.a(_udivmoddi4.o)
 .debug_info    0x000114b2       0x26 c:/program files/microchip/xc32/v4.30/bin/bin/../../lib/gcc/pic32c/8.3.1/thumb/v7e-m+fp/hard\libgcc.a(_dvmd_tls.o)
 .debug_info    0x000114d8      0x296 c:/program files/microchip/xc32/v4.30/bin/bin/../../lib/gcc/pic32c/8.3.1/../../../../pic32c/lib/thumb/v7e-m+fp/hard\libpic32c.a(pic32_data_init_clear.o)
 .debug_info    0x0001176e      0x295 c:/program files/microchip/xc32/v4.30/bin/bin/../../lib/gcc/pic32c/8.3.1/../../../../pic32c/lib/thumb/v7e-m+fp/hard\libpic32c.a(pic32_data_init_copy.o)

.debug_abbrev   0x00000000     0x26ad
 .debug_abbrev  0x00000000      0x102 build/sam_e51_cnano/production/_ext/7187140/plib_clock.o
 .debug_abbrev  0x00000102      0x2ff build/sam_e51_cnano/production/_ext/831021835/plib_dmac.o
 .debug_abbrev  0x00000401      0x168 build/sam_e51_cnano/production/_ext/1220119669/plib_eic.o
 .debug_abbrev  0x00000569       0x3b build/sam_e51_cnano/production/_ext/9336626/plib_evsys.o
 .debug_abbrev  0x000005a4      0x1ee build/sam_e51_cnano/production/_ext/830715028/plib_nvic.o
 .debug_abbrev  0x00000792      0x1d9 build/sam_e51_cnano/production/_ext/226030394/plib_nvmctrl.o
 .debug_abbrev  0x0000096b      0x189 build/sam_e51_cnano/production/_ext/830661877/plib_port.o
 .debug_abbrev  0x00000af4      0x1c0 build/sam_e51_cnano/production/_ext/1220132503/plib_rtc_timer.o
 .debug_abbrev  0x00000cb4      0x1f6 build/sam_e51_cnano/production/_ext/314480351/plib_sercom5_usart.o
 .debug_abbrev  0x00000eaa       0x53 build/sam_e51_cnano/production/_ext/570918426/initialization.o
 .debug_abbrev  0x00000efd       0xb5 build/sam_e51_cnano/production/_ext/570918426/interrupts.o
 .debug_abbrev  0x00000fb2       0x3e build/sam_e51_cnano/production/_ext/570918426/exceptions.o
 .debug_abbrev  0x00000ff0      0x1d1 build/sam_e51_cnano/production/_ext/570918426/startup_xc32.o
 .debug_abbrev  0x000011c1      0x1b7 build/sam_e51_cnano/production/_ext/1360937237/main.o
 .debug_abbrev  0x00001378       0x14 build/sam_e51_cnano/production/_ext/1360937237/asmFunc.o
 .debug_abbrev  0x0000138c       0x44 c:/program files/microchip/xc32/v4.30/bin/bin/../../lib/gcc/pic32c/8.3.1/../../../../pic32c/lib/thumb/v7e-m+fp/hard\libpic32c.a(data_init.o)
 .debug_abbrev  0x000013d0      0x117 c:/program files/microchip/xc32/v4.30/bin/bin/../../lib/gcc/pic32c/8.3.1/../../../../pic32c/lib/thumb/v7e-m+fp/hard\libc-musl.a(__libc_start_main.o)
 .debug_abbrev  0x000014e7       0xb8 c:/program files/microchip/xc32/v4.30/bin/bin/../../lib/gcc/pic32c/8.3.1/../../../../pic32c/lib/thumb/v7e-m+fp/hard\libc-musl.a(libc.o)
 .debug_abbrev  0x0000159f      0x12e c:/program files/microchip/xc32/v4.30/bin/bin/../../lib/gcc/pic32c/8.3.1/../../../../pic32c/lib/thumb/v7e-m+fp/hard\libc-musl.a(__sio_snprintf_cdns.o)
 .debug_abbrev  0x000016cd      0x120 c:/program files/microchip/xc32/v4.30/bin/bin/../../lib/gcc/pic32c/8.3.1/../../../../pic32c/lib/thumb/v7e-m+fp/hard\libc-musl.a(__fmt_d.o)
 .debug_abbrev  0x000017ed      0x10b c:/program files/microchip/xc32/v4.30/bin/bin/../../lib/gcc/pic32c/8.3.1/../../../../pic32c/lib/thumb/v7e-m+fp/hard\libc-musl.a(__fmt_s.o)
 .debug_abbrev  0x000018f8       0xbd c:/program files/microchip/xc32/v4.30/bin/bin/../../lib/gcc/pic32c/8.3.1/../../../../pic32c/lib/thumb/v7e-m+fp/hard\libc-musl.a(__pop_int.o)
 .debug_abbrev  0x000019b5       0xce c:/program files/microchip/xc32/v4.30/bin/bin/../../lib/gcc/pic32c/8.3.1/../../../../pic32c/lib/thumb/v7e-m+fp/hard\libc-musl.a(__pop_ptr.o)
 .debug_abbrev  0x00001a83      0x2c5 c:/program files/microchip/xc32/v4.30/bin/bin/../../lib/gcc/pic32c/8.3.1/../../../../pic32c/lib/thumb/v7e-m+fp/hard\libc-musl.a(__printf_core.o)
 .debug_abbrev  0x00001d48       0xbb c:/program files/microchip/xc32/v4.30/bin/bin/../../lib/gcc/pic32c/8.3.1/../../../../pic32c/lib/thumb/v7e-m+fp/hard\libc-musl.a(atoi.o)
 .debug_abbrev  0x00001e03       0x9c c:/program files/microchip/xc32/v4.30/bin/bin/../../lib/gcc/pic32c/8.3.1/../../../../pic32c/lib/thumb/v7e-m+fp/hard\libc-musl.a(memcpy.o)
 .debug_abbrev  0x00001e9f       0x97 c:/program files/microchip/xc32/v4.30/bin/bin/../../lib/gcc/pic32c/8.3.1/../../../../pic32c/lib/thumb/v7e-m+fp/hard\libc-musl.a(memset.o)
 .debug_abbrev  0x00001f36       0x86 c:/program files/microchip/xc32/v4.30/bin/bin/../../lib/gcc/pic32c/8.3.1/../../../../pic32c/lib/thumb/v7e-m+fp/hard\libc-musl.a(strlen.o)
 .debug_abbrev  0x00001fbc       0x63 c:/program files/microchip/xc32/v4.30/bin/bin/../../lib/gcc/pic32c/8.3.1/../../../../pic32c/lib/thumb/v7e-m+fp/hard\libc-musl.a(strcmp.o)
 .debug_abbrev  0x0000201f       0xfd c:/program files/microchip/xc32/v4.30/bin/bin/../../lib/gcc/pic32c/8.3.1/../../../../pic32c/lib/thumb/v7e-m+fp/hard\libc-musl.a(tolower.o)
 .debug_abbrev  0x0000211c       0x57 c:/program files/microchip/xc32/v4.30/bin/bin/../../lib/gcc/pic32c/8.3.1/../../../../pic32c/lib/thumb/v7e-m+fp/hard\libc-musl.a(__environ.o)
 .debug_abbrev  0x00002173       0x2e c:/program files/microchip/xc32/v4.30/bin/bin/../../lib/gcc/pic32c/8.3.1/../../../../pic32c/lib/thumb/v7e-m+fp/hard\libc-musl.a(__errno_location.o)
 .debug_abbrev  0x000021a1      0x127 c:/program files/microchip/xc32/v4.30/bin/bin/../../lib/gcc/pic32c/8.3.1/../../../../pic32c/lib/thumb/v7e-m+fp/hard\libc-musl.a(__int_vsnprintf.o)
 .debug_abbrev  0x000022c8       0xa1 c:/program files/microchip/xc32/v4.30/bin/bin/../../lib/gcc/pic32c/8.3.1/../../../../pic32c/lib/thumb/v7e-m+fp/hard\libc-musl.a(__cvt_u.o)
 .debug_abbrev  0x00002369       0xbd c:/program files/microchip/xc32/v4.30/bin/bin/../../lib/gcc/pic32c/8.3.1/../../../../pic32c/lib/thumb/v7e-m+fp/hard\libc-musl.a(__pop_float.o)
 .debug_abbrev  0x00002426      0x111 c:/program files/microchip/xc32/v4.30/bin/bin/../../lib/gcc/pic32c/8.3.1/../../../../pic32c/lib/thumb/v7e-m+fp/hard\libc-musl.a(__int_vfprintf.o)
 .debug_abbrev  0x00002537       0x14 c:/program files/microchip/xc32/v4.30/bin/bin/../../lib/gcc/pic32c/8.3.1/thumb/v7e-m+fp/hard\libgcc.a(_aeabi_uldivmod.o)
 .debug_abbrev  0x0000254b       0xf2 c:/program files/microchip/xc32/v4.30/bin/bin/../../lib/gcc/pic32c/8.3.1/thumb/v7e-m+fp/hard\libgcc.a(_udivmoddi4.o)
 .debug_abbrev  0x0000263d       0x14 c:/program files/microchip/xc32/v4.30/bin/bin/../../lib/gcc/pic32c/8.3.1/thumb/v7e-m+fp/hard\libgcc.a(_dvmd_tls.o)
 .debug_abbrev  0x00002651       0x2e c:/program files/microchip/xc32/v4.30/bin/bin/../../lib/gcc/pic32c/8.3.1/../../../../pic32c/lib/thumb/v7e-m+fp/hard\libpic32c.a(pic32_data_init_clear.o)
 .debug_abbrev  0x0000267f       0x2e c:/program files/microchip/xc32/v4.30/bin/bin/../../lib/gcc/pic32c/8.3.1/../../../../pic32c/lib/thumb/v7e-m+fp/hard\libpic32c.a(pic32_data_init_copy.o)

.debug_loc      0x00000000     0x471f
 .debug_loc     0x00000000      0x208 build/sam_e51_cnano/production/_ext/7187140/plib_clock.o
 .debug_loc     0x00000208      0x598 build/sam_e51_cnano/production/_ext/831021835/plib_dmac.o
 .debug_loc     0x000007a0      0x184 build/sam_e51_cnano/production/_ext/1220119669/plib_eic.o
 .debug_loc     0x00000924       0x44 build/sam_e51_cnano/production/_ext/9336626/plib_evsys.o
 .debug_loc     0x00000968      0x23c build/sam_e51_cnano/production/_ext/830715028/plib_nvic.o
 .debug_loc     0x00000ba4      0x678 build/sam_e51_cnano/production/_ext/226030394/plib_nvmctrl.o
 .debug_loc     0x0000121c      0x3dc build/sam_e51_cnano/production/_ext/830661877/plib_port.o
 .debug_loc     0x000015f8      0x52c build/sam_e51_cnano/production/_ext/1220132503/plib_rtc_timer.o
 .debug_loc     0x00001b24      0x37c build/sam_e51_cnano/production/_ext/314480351/plib_sercom5_usart.o
 .debug_loc     0x00001ea0       0x50 build/sam_e51_cnano/production/_ext/570918426/initialization.o
 .debug_loc     0x00001ef0      0x108 build/sam_e51_cnano/production/_ext/570918426/exceptions.o
 .debug_loc     0x00001ff8      0x11c build/sam_e51_cnano/production/_ext/570918426/startup_xc32.o
 .debug_loc     0x00002114      0x142 build/sam_e51_cnano/production/_ext/1360937237/main.o
 .debug_loc     0x00002256       0x14 c:/program files/microchip/xc32/v4.30/bin/bin/../../lib/gcc/pic32c/8.3.1/../../../../pic32c/lib/thumb/v7e-m+fp/hard\libpic32c.a(data_init.o)
 .debug_loc     0x0000226a       0x51 c:/program files/microchip/xc32/v4.30/bin/bin/../../lib/gcc/pic32c/8.3.1/../../../../pic32c/lib/thumb/v7e-m+fp/hard\libc-musl.a(__libc_start_main.o)
 .debug_loc     0x000022bb       0xdb c:/program files/microchip/xc32/v4.30/bin/bin/../../lib/gcc/pic32c/8.3.1/../../../../pic32c/lib/thumb/v7e-m+fp/hard\libc-musl.a(__sio_snprintf_cdns.o)
 .debug_loc     0x00002396      0x1ef c:/program files/microchip/xc32/v4.30/bin/bin/../../lib/gcc/pic32c/8.3.1/../../../../pic32c/lib/thumb/v7e-m+fp/hard\libc-musl.a(__fmt_d.o)
 .debug_loc     0x00002585      0x157 c:/program files/microchip/xc32/v4.30/bin/bin/../../lib/gcc/pic32c/8.3.1/../../../../pic32c/lib/thumb/v7e-m+fp/hard\libc-musl.a(__fmt_s.o)
 .debug_loc     0x000026dc      0x2f5 c:/program files/microchip/xc32/v4.30/bin/bin/../../lib/gcc/pic32c/8.3.1/../../../../pic32c/lib/thumb/v7e-m+fp/hard\libc-musl.a(__pop_int.o)
 .debug_loc     0x000029d1      0x1db c:/program files/microchip/xc32/v4.30/bin/bin/../../lib/gcc/pic32c/8.3.1/../../../../pic32c/lib/thumb/v7e-m+fp/hard\libc-musl.a(__pop_ptr.o)
 .debug_loc     0x00002bac      0x5e9 c:/program files/microchip/xc32/v4.30/bin/bin/../../lib/gcc/pic32c/8.3.1/../../../../pic32c/lib/thumb/v7e-m+fp/hard\libc-musl.a(__printf_core.o)
 .debug_loc     0x00003195       0xd8 c:/program files/microchip/xc32/v4.30/bin/bin/../../lib/gcc/pic32c/8.3.1/../../../../pic32c/lib/thumb/v7e-m+fp/hard\libc-musl.a(atoi.o)
 .debug_loc     0x0000326d       0xe5 c:/program files/microchip/xc32/v4.30/bin/bin/../../lib/gcc/pic32c/8.3.1/../../../../pic32c/lib/thumb/v7e-m+fp/hard\libc-musl.a(memcpy.o)
 .debug_loc     0x00003352       0x56 c:/program files/microchip/xc32/v4.30/bin/bin/../../lib/gcc/pic32c/8.3.1/../../../../pic32c/lib/thumb/v7e-m+fp/hard\libc-musl.a(memset.o)
 .debug_loc     0x000033a8       0x47 c:/program files/microchip/xc32/v4.30/bin/bin/../../lib/gcc/pic32c/8.3.1/../../../../pic32c/lib/thumb/v7e-m+fp/hard\libc-musl.a(strlen.o)
 .debug_loc     0x000033ef       0x96 c:/program files/microchip/xc32/v4.30/bin/bin/../../lib/gcc/pic32c/8.3.1/../../../../pic32c/lib/thumb/v7e-m+fp/hard\libc-musl.a(strcmp.o)
 .debug_loc     0x00003485       0x4a c:/program files/microchip/xc32/v4.30/bin/bin/../../lib/gcc/pic32c/8.3.1/../../../../pic32c/lib/thumb/v7e-m+fp/hard\libc-musl.a(tolower.o)
 .debug_loc     0x000034cf       0xfd c:/program files/microchip/xc32/v4.30/bin/bin/../../lib/gcc/pic32c/8.3.1/../../../../pic32c/lib/thumb/v7e-m+fp/hard\libc-musl.a(__int_vsnprintf.o)
 .debug_loc     0x000035cc      0x198 c:/program files/microchip/xc32/v4.30/bin/bin/../../lib/gcc/pic32c/8.3.1/../../../../pic32c/lib/thumb/v7e-m+fp/hard\libc-musl.a(__cvt_u.o)
 .debug_loc     0x00003764       0xa6 c:/program files/microchip/xc32/v4.30/bin/bin/../../lib/gcc/pic32c/8.3.1/../../../../pic32c/lib/thumb/v7e-m+fp/hard\libc-musl.a(__pop_float.o)
 .debug_loc     0x0000380a       0x88 c:/program files/microchip/xc32/v4.30/bin/bin/../../lib/gcc/pic32c/8.3.1/../../../../pic32c/lib/thumb/v7e-m+fp/hard\libc-musl.a(__int_vfprintf.o)
 .debug_loc     0x00003892      0xe79 c:/program files/microchip/xc32/v4.30/bin/bin/../../lib/gcc/pic32c/8.3.1/thumb/v7e-m+fp/hard\libgcc.a(_udivmoddi4.o)
 .debug_loc     0x0000470b       0x14 c:/program files/microchip/xc32/v4.30/bin/bin/../../lib/gcc/pic32c/8.3.1/../../../../pic32c/lib/thumb/v7e-m+fp/hard\libpic32c.a(pic32_data_init_copy.o)

.debug_aranges  0x00000000      0x880
 .debug_aranges
                0x00000000       0x58 build/sam_e51_cnano/production/_ext/7187140/plib_clock.o
 .debug_aranges
                0x00000058       0xa0 build/sam_e51_cnano/production/_ext/831021835/plib_dmac.o
 .debug_aranges
                0x000000f8       0x40 build/sam_e51_cnano/production/_ext/1220119669/plib_eic.o
 .debug_aranges
                0x00000138       0x20 build/sam_e51_cnano/production/_ext/9336626/plib_evsys.o
 .debug_aranges
                0x00000158       0x50 build/sam_e51_cnano/production/_ext/830715028/plib_nvic.o
 .debug_aranges
                0x000001a8       0xc0 build/sam_e51_cnano/production/_ext/226030394/plib_nvmctrl.o
 .debug_aranges
                0x00000268       0x70 build/sam_e51_cnano/production/_ext/830661877/plib_port.o
 .debug_aranges
                0x000002d8       0xa0 build/sam_e51_cnano/production/_ext/1220132503/plib_rtc_timer.o
 .debug_aranges
                0x00000378       0x70 build/sam_e51_cnano/production/_ext/314480351/plib_sercom5_usart.o
 .debug_aranges
                0x000003e8       0x20 build/sam_e51_cnano/production/_ext/570918426/initialization.o
 .debug_aranges
                0x00000408       0x20 build/sam_e51_cnano/production/_ext/570918426/interrupts.o
 .debug_aranges
                0x00000428       0x48 build/sam_e51_cnano/production/_ext/570918426/exceptions.o
 .debug_aranges
                0x00000470       0x40 build/sam_e51_cnano/production/_ext/570918426/startup_xc32.o
 .debug_aranges
                0x000004b0       0x38 build/sam_e51_cnano/production/_ext/1360937237/main.o
 .debug_aranges
                0x000004e8       0x20 build/sam_e51_cnano/production/_ext/1360937237/asmFunc.o
 .debug_aranges
                0x00000508       0x28 c:/program files/microchip/xc32/v4.30/bin/bin/../../lib/gcc/pic32c/8.3.1/../../../../pic32c/lib/thumb/v7e-m+fp/hard\libpic32c.a(data_init.o)
 .debug_aranges
                0x00000530       0x28 c:/program files/microchip/xc32/v4.30/bin/bin/../../lib/gcc/pic32c/8.3.1/../../../../pic32c/lib/thumb/v7e-m+fp/hard\libc-musl.a(__libc_start_main.o)
 .debug_aranges
                0x00000558       0x18 c:/program files/microchip/xc32/v4.30/bin/bin/../../lib/gcc/pic32c/8.3.1/../../../../pic32c/lib/thumb/v7e-m+fp/hard\libc-musl.a(libc.o)
 .debug_aranges
                0x00000570       0x28 c:/program files/microchip/xc32/v4.30/bin/bin/../../lib/gcc/pic32c/8.3.1/../../../../pic32c/lib/thumb/v7e-m+fp/hard\libc-musl.a(__sio_snprintf_cdns.o)
 .debug_aranges
                0x00000598       0x20 c:/program files/microchip/xc32/v4.30/bin/bin/../../lib/gcc/pic32c/8.3.1/../../../../pic32c/lib/thumb/v7e-m+fp/hard\libc-musl.a(__fmt_d.o)
 .debug_aranges
                0x000005b8       0x20 c:/program files/microchip/xc32/v4.30/bin/bin/../../lib/gcc/pic32c/8.3.1/../../../../pic32c/lib/thumb/v7e-m+fp/hard\libc-musl.a(__fmt_s.o)
 .debug_aranges
                0x000005d8       0x20 c:/program files/microchip/xc32/v4.30/bin/bin/../../lib/gcc/pic32c/8.3.1/../../../../pic32c/lib/thumb/v7e-m+fp/hard\libc-musl.a(__pop_int.o)
 .debug_aranges
                0x000005f8       0x20 c:/program files/microchip/xc32/v4.30/bin/bin/../../lib/gcc/pic32c/8.3.1/../../../../pic32c/lib/thumb/v7e-m+fp/hard\libc-musl.a(__pop_ptr.o)
 .debug_aranges
                0x00000618       0x50 c:/program files/microchip/xc32/v4.30/bin/bin/../../lib/gcc/pic32c/8.3.1/../../../../pic32c/lib/thumb/v7e-m+fp/hard\libc-musl.a(__printf_core.o)
 .debug_aranges
                0x00000668       0x20 c:/program files/microchip/xc32/v4.30/bin/bin/../../lib/gcc/pic32c/8.3.1/../../../../pic32c/lib/thumb/v7e-m+fp/hard\libc-musl.a(atoi.o)
 .debug_aranges
                0x00000688       0x20 c:/program files/microchip/xc32/v4.30/bin/bin/../../lib/gcc/pic32c/8.3.1/../../../../pic32c/lib/thumb/v7e-m+fp/hard\libc-musl.a(memcpy.o)
 .debug_aranges
                0x000006a8       0x20 c:/program files/microchip/xc32/v4.30/bin/bin/../../lib/gcc/pic32c/8.3.1/../../../../pic32c/lib/thumb/v7e-m+fp/hard\libc-musl.a(memset.o)
 .debug_aranges
                0x000006c8       0x20 c:/program files/microchip/xc32/v4.30/bin/bin/../../lib/gcc/pic32c/8.3.1/../../../../pic32c/lib/thumb/v7e-m+fp/hard\libc-musl.a(strlen.o)
 .debug_aranges
                0x000006e8       0x20 c:/program files/microchip/xc32/v4.30/bin/bin/../../lib/gcc/pic32c/8.3.1/../../../../pic32c/lib/thumb/v7e-m+fp/hard\libc-musl.a(strcmp.o)
 .debug_aranges
                0x00000708       0x28 c:/program files/microchip/xc32/v4.30/bin/bin/../../lib/gcc/pic32c/8.3.1/../../../../pic32c/lib/thumb/v7e-m+fp/hard\libc-musl.a(tolower.o)
 .debug_aranges
                0x00000730       0x18 c:/program files/microchip/xc32/v4.30/bin/bin/../../lib/gcc/pic32c/8.3.1/../../../../pic32c/lib/thumb/v7e-m+fp/hard\libc-musl.a(__environ.o)
 .debug_aranges
                0x00000748       0x18 c:/program files/microchip/xc32/v4.30/bin/bin/../../lib/gcc/pic32c/8.3.1/../../../../pic32c/lib/thumb/v7e-m+fp/hard\libc-musl.a(__errno_location.o)
 .debug_aranges
                0x00000760       0x20 c:/program files/microchip/xc32/v4.30/bin/bin/../../lib/gcc/pic32c/8.3.1/../../../../pic32c/lib/thumb/v7e-m+fp/hard\libc-musl.a(__int_vsnprintf.o)
 .debug_aranges
                0x00000780       0x20 c:/program files/microchip/xc32/v4.30/bin/bin/../../lib/gcc/pic32c/8.3.1/../../../../pic32c/lib/thumb/v7e-m+fp/hard\libc-musl.a(__cvt_u.o)
 .debug_aranges
                0x000007a0       0x20 c:/program files/microchip/xc32/v4.30/bin/bin/../../lib/gcc/pic32c/8.3.1/../../../../pic32c/lib/thumb/v7e-m+fp/hard\libc-musl.a(__pop_float.o)
 .debug_aranges
                0x000007c0       0x20 c:/program files/microchip/xc32/v4.30/bin/bin/../../lib/gcc/pic32c/8.3.1/../../../../pic32c/lib/thumb/v7e-m+fp/hard\libc-musl.a(__int_vfprintf.o)
 .debug_aranges
                0x000007e0       0x20 c:/program files/microchip/xc32/v4.30/bin/bin/../../lib/gcc/pic32c/8.3.1/thumb/v7e-m+fp/hard\libgcc.a(_aeabi_uldivmod.o)
 .debug_aranges
                0x00000800       0x20 c:/program files/microchip/xc32/v4.30/bin/bin/../../lib/gcc/pic32c/8.3.1/thumb/v7e-m+fp/hard\libgcc.a(_udivmoddi4.o)
 .debug_aranges
                0x00000820       0x20 c:/program files/microchip/xc32/v4.30/bin/bin/../../lib/gcc/pic32c/8.3.1/thumb/v7e-m+fp/hard\libgcc.a(_dvmd_tls.o)
 .debug_aranges
                0x00000840       0x20 c:/program files/microchip/xc32/v4.30/bin/bin/../../lib/gcc/pic32c/8.3.1/../../../../pic32c/lib/thumb/v7e-m+fp/hard\libpic32c.a(pic32_data_init_clear.o)
 .debug_aranges
                0x00000860       0x20 c:/program files/microchip/xc32/v4.30/bin/bin/../../lib/gcc/pic32c/8.3.1/../../../../pic32c/lib/thumb/v7e-m+fp/hard\libpic32c.a(pic32_data_init_copy.o)

.debug_ranges   0x00000000      0x688
 .debug_ranges  0x00000000       0x48 build/sam_e51_cnano/production/_ext/7187140/plib_clock.o
 .debug_ranges  0x00000048       0x90 build/sam_e51_cnano/production/_ext/831021835/plib_dmac.o
 .debug_ranges  0x000000d8       0x30 build/sam_e51_cnano/production/_ext/1220119669/plib_eic.o
 .debug_ranges  0x00000108       0x10 build/sam_e51_cnano/production/_ext/9336626/plib_evsys.o
 .debug_ranges  0x00000118       0x40 build/sam_e51_cnano/production/_ext/830715028/plib_nvic.o
 .debug_ranges  0x00000158       0xb0 build/sam_e51_cnano/production/_ext/226030394/plib_nvmctrl.o
 .debug_ranges  0x00000208       0x60 build/sam_e51_cnano/production/_ext/830661877/plib_port.o
 .debug_ranges  0x00000268       0x90 build/sam_e51_cnano/production/_ext/1220132503/plib_rtc_timer.o
 .debug_ranges  0x000002f8       0x60 build/sam_e51_cnano/production/_ext/314480351/plib_sercom5_usart.o
 .debug_ranges  0x00000358       0x10 build/sam_e51_cnano/production/_ext/570918426/initialization.o
 .debug_ranges  0x00000368       0x10 build/sam_e51_cnano/production/_ext/570918426/interrupts.o
 .debug_ranges  0x00000378       0x38 build/sam_e51_cnano/production/_ext/570918426/exceptions.o
 .debug_ranges  0x000003b0       0x30 build/sam_e51_cnano/production/_ext/570918426/startup_xc32.o
 .debug_ranges  0x000003e0       0x28 build/sam_e51_cnano/production/_ext/1360937237/main.o
 .debug_ranges  0x00000408       0x18 c:/program files/microchip/xc32/v4.30/bin/bin/../../lib/gcc/pic32c/8.3.1/../../../../pic32c/lib/thumb/v7e-m+fp/hard\libpic32c.a(data_init.o)
 .debug_ranges  0x00000420       0x40 c:/program files/microchip/xc32/v4.30/bin/bin/../../lib/gcc/pic32c/8.3.1/../../../../pic32c/lib/thumb/v7e-m+fp/hard\libc-musl.a(__libc_start_main.o)
 .debug_ranges  0x00000460       0x18 c:/program files/microchip/xc32/v4.30/bin/bin/../../lib/gcc/pic32c/8.3.1/../../../../pic32c/lib/thumb/v7e-m+fp/hard\libc-musl.a(__sio_snprintf_cdns.o)
 .debug_ranges  0x00000478       0x10 c:/program files/microchip/xc32/v4.30/bin/bin/../../lib/gcc/pic32c/8.3.1/../../../../pic32c/lib/thumb/v7e-m+fp/hard\libc-musl.a(__fmt_d.o)
 .debug_ranges  0x00000488       0x10 c:/program files/microchip/xc32/v4.30/bin/bin/../../lib/gcc/pic32c/8.3.1/../../../../pic32c/lib/thumb/v7e-m+fp/hard\libc-musl.a(__fmt_s.o)
 .debug_ranges  0x00000498       0x10 c:/program files/microchip/xc32/v4.30/bin/bin/../../lib/gcc/pic32c/8.3.1/../../../../pic32c/lib/thumb/v7e-m+fp/hard\libc-musl.a(__pop_int.o)
 .debug_ranges  0x000004a8       0x10 c:/program files/microchip/xc32/v4.30/bin/bin/../../lib/gcc/pic32c/8.3.1/../../../../pic32c/lib/thumb/v7e-m+fp/hard\libc-musl.a(__pop_ptr.o)
 .debug_ranges  0x000004b8       0x58 c:/program files/microchip/xc32/v4.30/bin/bin/../../lib/gcc/pic32c/8.3.1/../../../../pic32c/lib/thumb/v7e-m+fp/hard\libc-musl.a(__printf_core.o)
 .debug_ranges  0x00000510       0x10 c:/program files/microchip/xc32/v4.30/bin/bin/../../lib/gcc/pic32c/8.3.1/../../../../pic32c/lib/thumb/v7e-m+fp/hard\libc-musl.a(atoi.o)
 .debug_ranges  0x00000520       0x10 c:/program files/microchip/xc32/v4.30/bin/bin/../../lib/gcc/pic32c/8.3.1/../../../../pic32c/lib/thumb/v7e-m+fp/hard\libc-musl.a(memcpy.o)
 .debug_ranges  0x00000530       0x10 c:/program files/microchip/xc32/v4.30/bin/bin/../../lib/gcc/pic32c/8.3.1/../../../../pic32c/lib/thumb/v7e-m+fp/hard\libc-musl.a(memset.o)
 .debug_ranges  0x00000540       0x10 c:/program files/microchip/xc32/v4.30/bin/bin/../../lib/gcc/pic32c/8.3.1/../../../../pic32c/lib/thumb/v7e-m+fp/hard\libc-musl.a(strlen.o)
 .debug_ranges  0x00000550       0x10 c:/program files/microchip/xc32/v4.30/bin/bin/../../lib/gcc/pic32c/8.3.1/../../../../pic32c/lib/thumb/v7e-m+fp/hard\libc-musl.a(strcmp.o)
 .debug_ranges  0x00000560       0x18 c:/program files/microchip/xc32/v4.30/bin/bin/../../lib/gcc/pic32c/8.3.1/../../../../pic32c/lib/thumb/v7e-m+fp/hard\libc-musl.a(tolower.o)
 .debug_ranges  0x00000578       0x10 c:/program files/microchip/xc32/v4.30/bin/bin/../../lib/gcc/pic32c/8.3.1/../../../../pic32c/lib/thumb/v7e-m+fp/hard\libc-musl.a(__int_vsnprintf.o)
 .debug_ranges  0x00000588       0x10 c:/program files/microchip/xc32/v4.30/bin/bin/../../lib/gcc/pic32c/8.3.1/../../../../pic32c/lib/thumb/v7e-m+fp/hard\libc-musl.a(__cvt_u.o)
 .debug_ranges  0x00000598       0x10 c:/program files/microchip/xc32/v4.30/bin/bin/../../lib/gcc/pic32c/8.3.1/../../../../pic32c/lib/thumb/v7e-m+fp/hard\libc-musl.a(__pop_float.o)
 .debug_ranges  0x000005a8       0x10 c:/program files/microchip/xc32/v4.30/bin/bin/../../lib/gcc/pic32c/8.3.1/../../../../pic32c/lib/thumb/v7e-m+fp/hard\libc-musl.a(__int_vfprintf.o)
 .debug_ranges  0x000005b8       0xb0 c:/program files/microchip/xc32/v4.30/bin/bin/../../lib/gcc/pic32c/8.3.1/thumb/v7e-m+fp/hard\libgcc.a(_udivmoddi4.o)
 .debug_ranges  0x00000668       0x10 c:/program files/microchip/xc32/v4.30/bin/bin/../../lib/gcc/pic32c/8.3.1/../../../../pic32c/lib/thumb/v7e-m+fp/hard\libpic32c.a(pic32_data_init_clear.o)
 .debug_ranges  0x00000678       0x10 c:/program files/microchip/xc32/v4.30/bin/bin/../../lib/gcc/pic32c/8.3.1/../../../../pic32c/lib/thumb/v7e-m+fp/hard\libpic32c.a(pic32_data_init_copy.o)

.debug_line     0x00000000     0x49a4
 .debug_line    0x00000000      0x286 build/sam_e51_cnano/production/_ext/7187140/plib_clock.o
 .debug_line    0x00000286      0x516 build/sam_e51_cnano/production/_ext/831021835/plib_dmac.o
 .debug_line    0x0000079c      0x1de build/sam_e51_cnano/production/_ext/1220119669/plib_eic.o
 .debug_line    0x0000097a       0x6c build/sam_e51_cnano/production/_ext/9336626/plib_evsys.o
 .debug_line    0x000009e6      0x289 build/sam_e51_cnano/production/_ext/830715028/plib_nvic.o
 .debug_line    0x00000c6f      0x436 build/sam_e51_cnano/production/_ext/226030394/plib_nvmctrl.o
 .debug_line    0x000010a5      0x281 build/sam_e51_cnano/production/_ext/830661877/plib_port.o
 .debug_line    0x00001326      0x367 build/sam_e51_cnano/production/_ext/1220132503/plib_rtc_timer.o
 .debug_line    0x0000168d      0x432 build/sam_e51_cnano/production/_ext/314480351/plib_sercom5_usart.o
 .debug_line    0x00001abf       0x6d build/sam_e51_cnano/production/_ext/570918426/initialization.o
 .debug_line    0x00001b2c       0xbc build/sam_e51_cnano/production/_ext/570918426/interrupts.o
 .debug_line    0x00001be8       0xc6 build/sam_e51_cnano/production/_ext/570918426/exceptions.o
 .debug_line    0x00001cae      0x1eb build/sam_e51_cnano/production/_ext/570918426/startup_xc32.o
 .debug_line    0x00001e99      0x259 build/sam_e51_cnano/production/_ext/1360937237/main.o
 .debug_line    0x000020f2       0x43 build/sam_e51_cnano/production/_ext/1360937237/asmFunc.o
 .debug_line    0x00002135       0xe9 c:/program files/microchip/xc32/v4.30/bin/bin/../../lib/gcc/pic32c/8.3.1/../../../../pic32c/lib/thumb/v7e-m+fp/hard\libpic32c.a(data_init.o)
 .debug_line    0x0000221e      0x1d5 c:/program files/microchip/xc32/v4.30/bin/bin/../../lib/gcc/pic32c/8.3.1/../../../../pic32c/lib/thumb/v7e-m+fp/hard\libc-musl.a(__libc_start_main.o)
 .debug_line    0x000023f3       0xbc c:/program files/microchip/xc32/v4.30/bin/bin/../../lib/gcc/pic32c/8.3.1/../../../../pic32c/lib/thumb/v7e-m+fp/hard\libc-musl.a(libc.o)
 .debug_line    0x000024af      0x1ae c:/program files/microchip/xc32/v4.30/bin/bin/../../lib/gcc/pic32c/8.3.1/../../../../pic32c/lib/thumb/v7e-m+fp/hard\libc-musl.a(__sio_snprintf_cdns.o)
 .debug_line    0x0000265d      0x20d c:/program files/microchip/xc32/v4.30/bin/bin/../../lib/gcc/pic32c/8.3.1/../../../../pic32c/lib/thumb/v7e-m+fp/hard\libc-musl.a(__fmt_d.o)
 .debug_line    0x0000286a      0x200 c:/program files/microchip/xc32/v4.30/bin/bin/../../lib/gcc/pic32c/8.3.1/../../../../pic32c/lib/thumb/v7e-m+fp/hard\libc-musl.a(__fmt_s.o)
 .debug_line    0x00002a6a      0x20e c:/program files/microchip/xc32/v4.30/bin/bin/../../lib/gcc/pic32c/8.3.1/../../../../pic32c/lib/thumb/v7e-m+fp/hard\libc-musl.a(__pop_int.o)
 .debug_line    0x00002c78      0x1ee c:/program files/microchip/xc32/v4.30/bin/bin/../../lib/gcc/pic32c/8.3.1/../../../../pic32c/lib/thumb/v7e-m+fp/hard\libc-musl.a(__pop_ptr.o)
 .debug_line    0x00002e66      0x6a3 c:/program files/microchip/xc32/v4.30/bin/bin/../../lib/gcc/pic32c/8.3.1/../../../../pic32c/lib/thumb/v7e-m+fp/hard\libc-musl.a(__printf_core.o)
 .debug_line    0x00003509      0x175 c:/program files/microchip/xc32/v4.30/bin/bin/../../lib/gcc/pic32c/8.3.1/../../../../pic32c/lib/thumb/v7e-m+fp/hard\libc-musl.a(atoi.o)
 .debug_line    0x0000367e       0xf2 c:/program files/microchip/xc32/v4.30/bin/bin/../../lib/gcc/pic32c/8.3.1/../../../../pic32c/lib/thumb/v7e-m+fp/hard\libc-musl.a(memcpy.o)
 .debug_line    0x00003770       0xe9 c:/program files/microchip/xc32/v4.30/bin/bin/../../lib/gcc/pic32c/8.3.1/../../../../pic32c/lib/thumb/v7e-m+fp/hard\libc-musl.a(memset.o)
 .debug_line    0x00003859       0xe5 c:/program files/microchip/xc32/v4.30/bin/bin/../../lib/gcc/pic32c/8.3.1/../../../../pic32c/lib/thumb/v7e-m+fp/hard\libc-musl.a(strlen.o)
 .debug_line    0x0000393e       0xc1 c:/program files/microchip/xc32/v4.30/bin/bin/../../lib/gcc/pic32c/8.3.1/../../../../pic32c/lib/thumb/v7e-m+fp/hard\libc-musl.a(strcmp.o)
 .debug_line    0x000039ff      0x165 c:/program files/microchip/xc32/v4.30/bin/bin/../../lib/gcc/pic32c/8.3.1/../../../../pic32c/lib/thumb/v7e-m+fp/hard\libc-musl.a(tolower.o)
 .debug_line    0x00003b64      0x109 c:/program files/microchip/xc32/v4.30/bin/bin/../../lib/gcc/pic32c/8.3.1/../../../../pic32c/lib/thumb/v7e-m+fp/hard\libc-musl.a(__environ.o)
 .debug_line    0x00003c6d       0xa1 c:/program files/microchip/xc32/v4.30/bin/bin/../../lib/gcc/pic32c/8.3.1/../../../../pic32c/lib/thumb/v7e-m+fp/hard\libc-musl.a(__errno_location.o)
 .debug_line    0x00003d0e      0x1c9 c:/program files/microchip/xc32/v4.30/bin/bin/../../lib/gcc/pic32c/8.3.1/../../../../pic32c/lib/thumb/v7e-m+fp/hard\libc-musl.a(__int_vsnprintf.o)
 .debug_line    0x00003ed7      0x1d9 c:/program files/microchip/xc32/v4.30/bin/bin/../../lib/gcc/pic32c/8.3.1/../../../../pic32c/lib/thumb/v7e-m+fp/hard\libc-musl.a(__cvt_u.o)
 .debug_line    0x000040b0      0x173 c:/program files/microchip/xc32/v4.30/bin/bin/../../lib/gcc/pic32c/8.3.1/../../../../pic32c/lib/thumb/v7e-m+fp/hard\libc-musl.a(__pop_float.o)
 .debug_line    0x00004223      0x176 c:/program files/microchip/xc32/v4.30/bin/bin/../../lib/gcc/pic32c/8.3.1/../../../../pic32c/lib/thumb/v7e-m+fp/hard\libc-musl.a(__int_vfprintf.o)
 .debug_line    0x00004399       0x98 c:/program files/microchip/xc32/v4.30/bin/bin/../../lib/gcc/pic32c/8.3.1/thumb/v7e-m+fp/hard\libgcc.a(_aeabi_uldivmod.o)
 .debug_line    0x00004431      0x367 c:/program files/microchip/xc32/v4.30/bin/bin/../../lib/gcc/pic32c/8.3.1/thumb/v7e-m+fp/hard\libgcc.a(_udivmoddi4.o)
 .debug_line    0x00004798       0x98 c:/program files/microchip/xc32/v4.30/bin/bin/../../lib/gcc/pic32c/8.3.1/thumb/v7e-m+fp/hard\libgcc.a(_dvmd_tls.o)
 .debug_line    0x00004830       0xb6 c:/program files/microchip/xc32/v4.30/bin/bin/../../lib/gcc/pic32c/8.3.1/../../../../pic32c/lib/thumb/v7e-m+fp/hard\libpic32c.a(pic32_data_init_clear.o)
 .debug_line    0x000048e6       0xbe c:/program files/microchip/xc32/v4.30/bin/bin/../../lib/gcc/pic32c/8.3.1/../../../../pic32c/lib/thumb/v7e-m+fp/hard\libpic32c.a(pic32_data_init_copy.o)

.debug_str      0x00000000      0x6f0
 .debug_str     0x00000000       0x1e build/sam_e51_cnano/production/_ext/7187140/plib_clock.o
 .debug_str     0x0000001e       0x4c build/sam_e51_cnano/production/_ext/831021835/plib_dmac.o
 .debug_str     0x0000006a        0x9 build/sam_e51_cnano/production/_ext/1220119669/plib_eic.o
 .debug_str     0x00000073        0x0 build/sam_e51_cnano/production/_ext/9336626/plib_evsys.o
 .debug_str     0x00000073        0xa build/sam_e51_cnano/production/_ext/830715028/plib_nvic.o
 .debug_str     0x0000007d       0x1b build/sam_e51_cnano/production/_ext/226030394/plib_nvmctrl.o
 .debug_str     0x00000098        0xb build/sam_e51_cnano/production/_ext/830661877/plib_port.o
 .debug_str     0x000000a3      0x115 build/sam_e51_cnano/production/_ext/1220132503/plib_rtc_timer.o
 .debug_str     0x000001b8      0x123 build/sam_e51_cnano/production/_ext/314480351/plib_sercom5_usart.o
 .debug_str     0x000002db        0x0 build/sam_e51_cnano/production/_ext/570918426/initialization.o
 .debug_str     0x000002db        0x0 build/sam_e51_cnano/production/_ext/570918426/interrupts.o
 .debug_str     0x000002db        0x0 build/sam_e51_cnano/production/_ext/570918426/exceptions.o
 .debug_str     0x000002db        0x0 build/sam_e51_cnano/production/_ext/570918426/startup_xc32.o
 .debug_str     0x000002db      0x135 build/sam_e51_cnano/production/_ext/1360937237/main.o
 .debug_str     0x00000410       0x85 build/sam_e51_cnano/production/_ext/1360937237/asmFunc.o
 .debug_str     0x00000495        0x0 c:/program files/microchip/xc32/v4.30/bin/bin/../../lib/gcc/pic32c/8.3.1/../../../../pic32c/lib/thumb/v7e-m+fp/hard\libpic32c.a(data_init.o)
 .debug_str     0x00000495        0x0 c:/program files/microchip/xc32/v4.30/bin/bin/../../lib/gcc/pic32c/8.3.1/../../../../pic32c/lib/thumb/v7e-m+fp/hard\libc-musl.a(__libc_start_main.o)
 .debug_str     0x00000495        0x0 c:/program files/microchip/xc32/v4.30/bin/bin/../../lib/gcc/pic32c/8.3.1/../../../../pic32c/lib/thumb/v7e-m+fp/hard\libc-musl.a(libc.o)
 .debug_str     0x00000495       0x4c c:/program files/microchip/xc32/v4.30/bin/bin/../../lib/gcc/pic32c/8.3.1/../../../../pic32c/lib/thumb/v7e-m+fp/hard\libc-musl.a(__sio_snprintf_cdns.o)
 .debug_str     0x000004e1        0x0 c:/program files/microchip/xc32/v4.30/bin/bin/../../lib/gcc/pic32c/8.3.1/../../../../pic32c/lib/thumb/v7e-m+fp/hard\libc-musl.a(__fmt_d.o)
 .debug_str     0x000004e1        0x0 c:/program files/microchip/xc32/v4.30/bin/bin/../../lib/gcc/pic32c/8.3.1/../../../../pic32c/lib/thumb/v7e-m+fp/hard\libc-musl.a(__fmt_s.o)
 .debug_str     0x000004e1        0x0 c:/program files/microchip/xc32/v4.30/bin/bin/../../lib/gcc/pic32c/8.3.1/../../../../pic32c/lib/thumb/v7e-m+fp/hard\libc-musl.a(__pop_int.o)
 .debug_str     0x000004e1        0x0 c:/program files/microchip/xc32/v4.30/bin/bin/../../lib/gcc/pic32c/8.3.1/../../../../pic32c/lib/thumb/v7e-m+fp/hard\libc-musl.a(__pop_ptr.o)
 .debug_str     0x000004e1       0x20 c:/program files/microchip/xc32/v4.30/bin/bin/../../lib/gcc/pic32c/8.3.1/../../../../pic32c/lib/thumb/v7e-m+fp/hard\libc-musl.a(__printf_core.o)
 .debug_str     0x00000501        0x0 c:/program files/microchip/xc32/v4.30/bin/bin/../../lib/gcc/pic32c/8.3.1/../../../../pic32c/lib/thumb/v7e-m+fp/hard\libc-musl.a(atoi.o)
 .debug_str     0x00000501        0x0 c:/program files/microchip/xc32/v4.30/bin/bin/../../lib/gcc/pic32c/8.3.1/../../../../pic32c/lib/thumb/v7e-m+fp/hard\libc-musl.a(memcpy.o)
 .debug_str     0x00000501        0x0 c:/program files/microchip/xc32/v4.30/bin/bin/../../lib/gcc/pic32c/8.3.1/../../../../pic32c/lib/thumb/v7e-m+fp/hard\libc-musl.a(memset.o)
 .debug_str     0x00000501        0x0 c:/program files/microchip/xc32/v4.30/bin/bin/../../lib/gcc/pic32c/8.3.1/../../../../pic32c/lib/thumb/v7e-m+fp/hard\libc-musl.a(strlen.o)
 .debug_str     0x00000501        0x0 c:/program files/microchip/xc32/v4.30/bin/bin/../../lib/gcc/pic32c/8.3.1/../../../../pic32c/lib/thumb/v7e-m+fp/hard\libc-musl.a(strcmp.o)
 .debug_str     0x00000501        0x0 c:/program files/microchip/xc32/v4.30/bin/bin/../../lib/gcc/pic32c/8.3.1/../../../../pic32c/lib/thumb/v7e-m+fp/hard\libc-musl.a(tolower.o)
 .debug_str     0x00000501        0x0 c:/program files/microchip/xc32/v4.30/bin/bin/../../lib/gcc/pic32c/8.3.1/../../../../pic32c/lib/thumb/v7e-m+fp/hard\libc-musl.a(__environ.o)
 .debug_str     0x00000501        0x0 c:/program files/microchip/xc32/v4.30/bin/bin/../../lib/gcc/pic32c/8.3.1/../../../../pic32c/lib/thumb/v7e-m+fp/hard\libc-musl.a(__errno_location.o)
 .debug_str     0x00000501        0xb c:/program files/microchip/xc32/v4.30/bin/bin/../../lib/gcc/pic32c/8.3.1/../../../../pic32c/lib/thumb/v7e-m+fp/hard\libc-musl.a(__int_vsnprintf.o)
 .debug_str     0x0000050c        0x0 c:/program files/microchip/xc32/v4.30/bin/bin/../../lib/gcc/pic32c/8.3.1/../../../../pic32c/lib/thumb/v7e-m+fp/hard\libc-musl.a(__cvt_u.o)
 .debug_str     0x0000050c        0x0 c:/program files/microchip/xc32/v4.30/bin/bin/../../lib/gcc/pic32c/8.3.1/../../../../pic32c/lib/thumb/v7e-m+fp/hard\libc-musl.a(__pop_float.o)
 .debug_str     0x0000050c        0xe c:/program files/microchip/xc32/v4.30/bin/bin/../../lib/gcc/pic32c/8.3.1/../../../../pic32c/lib/thumb/v7e-m+fp/hard\libc-musl.a(__int_vfprintf.o)
 .debug_str     0x0000051a       0xe9 c:/program files/microchip/xc32/v4.30/bin/bin/../../lib/gcc/pic32c/8.3.1/thumb/v7e-m+fp/hard\libgcc.a(_aeabi_uldivmod.o)
 .debug_str     0x00000603        0x0 c:/program files/microchip/xc32/v4.30/bin/bin/../../lib/gcc/pic32c/8.3.1/thumb/v7e-m+fp/hard\libgcc.a(_udivmoddi4.o)
 .debug_str     0x00000603       0xed c:/program files/microchip/xc32/v4.30/bin/bin/../../lib/gcc/pic32c/8.3.1/thumb/v7e-m+fp/hard\libgcc.a(_dvmd_tls.o)
 .debug_str     0x000006f0        0x0 c:/program files/microchip/xc32/v4.30/bin/bin/../../lib/gcc/pic32c/8.3.1/../../../../pic32c/lib/thumb/v7e-m+fp/hard\libpic32c.a(pic32_data_init_clear.o)
 .debug_str     0x000006f0        0x0 c:/program files/microchip/xc32/v4.30/bin/bin/../../lib/gcc/pic32c/8.3.1/../../../../pic32c/lib/thumb/v7e-m+fp/hard\libpic32c.a(pic32_data_init_copy.o)

.debug_frame    0x00000000     0x1560
 .debug_frame   0x00000000      0x10c build/sam_e51_cnano/production/_ext/7187140/plib_clock.o
 .debug_frame   0x0000010c      0x290 build/sam_e51_cnano/production/_ext/831021835/plib_dmac.o
 .debug_frame   0x0000039c       0xc4 build/sam_e51_cnano/production/_ext/1220119669/plib_eic.o
 .debug_frame   0x00000460       0x30 build/sam_e51_cnano/production/_ext/9336626/plib_evsys.o
 .debug_frame   0x00000490      0x114 build/sam_e51_cnano/production/_ext/830715028/plib_nvic.o
 .debug_frame   0x000005a4      0x2fc build/sam_e51_cnano/production/_ext/226030394/plib_nvmctrl.o
 .debug_frame   0x000008a0      0x1c0 build/sam_e51_cnano/production/_ext/830661877/plib_port.o
 .debug_frame   0x00000a60      0x26c build/sam_e51_cnano/production/_ext/1220132503/plib_rtc_timer.o
 .debug_frame   0x00000ccc      0x1a8 build/sam_e51_cnano/production/_ext/314480351/plib_sercom5_usart.o
 .debug_frame   0x00000e74       0x34 build/sam_e51_cnano/production/_ext/570918426/initialization.o
 .debug_frame   0x00000ea8       0x20 build/sam_e51_cnano/production/_ext/570918426/interrupts.o
 .debug_frame   0x00000ec8       0xa0 build/sam_e51_cnano/production/_ext/570918426/exceptions.o
 .debug_frame   0x00000f68       0xa8 build/sam_e51_cnano/production/_ext/570918426/startup_xc32.o
 .debug_frame   0x00001010       0xa8 build/sam_e51_cnano/production/_ext/1360937237/main.o
 .debug_frame   0x000010b8       0x3c c:/program files/microchip/xc32/v4.30/bin/bin/../../lib/gcc/pic32c/8.3.1/../../../../pic32c/lib/thumb/v7e-m+fp/hard\libpic32c.a(data_init.o)
 .debug_frame   0x000010f4       0x3c c:/program files/microchip/xc32/v4.30/bin/bin/../../lib/gcc/pic32c/8.3.1/../../../../pic32c/lib/thumb/v7e-m+fp/hard\libc-musl.a(__libc_start_main.o)
 .debug_frame   0x00001130       0x54 c:/program files/microchip/xc32/v4.30/bin/bin/../../lib/gcc/pic32c/8.3.1/../../../../pic32c/lib/thumb/v7e-m+fp/hard\libc-musl.a(__sio_snprintf_cdns.o)
 .debug_frame   0x00001184       0x3c c:/program files/microchip/xc32/v4.30/bin/bin/../../lib/gcc/pic32c/8.3.1/../../../../pic32c/lib/thumb/v7e-m+fp/hard\libc-musl.a(__fmt_d.o)
 .debug_frame   0x000011c0       0x34 c:/program files/microchip/xc32/v4.30/bin/bin/../../lib/gcc/pic32c/8.3.1/../../../../pic32c/lib/thumb/v7e-m+fp/hard\libc-musl.a(__fmt_s.o)
 .debug_frame   0x000011f4       0x28 c:/program files/microchip/xc32/v4.30/bin/bin/../../lib/gcc/pic32c/8.3.1/../../../../pic32c/lib/thumb/v7e-m+fp/hard\libc-musl.a(__pop_int.o)
 .debug_frame   0x0000121c       0x28 c:/program files/microchip/xc32/v4.30/bin/bin/../../lib/gcc/pic32c/8.3.1/../../../../pic32c/lib/thumb/v7e-m+fp/hard\libc-musl.a(__pop_ptr.o)
 .debug_frame   0x00001244       0xd0 c:/program files/microchip/xc32/v4.30/bin/bin/../../lib/gcc/pic32c/8.3.1/../../../../pic32c/lib/thumb/v7e-m+fp/hard\libc-musl.a(__printf_core.o)
 .debug_frame   0x00001314       0x28 c:/program files/microchip/xc32/v4.30/bin/bin/../../lib/gcc/pic32c/8.3.1/../../../../pic32c/lib/thumb/v7e-m+fp/hard\libc-musl.a(atoi.o)
 .debug_frame   0x0000133c       0x28 c:/program files/microchip/xc32/v4.30/bin/bin/../../lib/gcc/pic32c/8.3.1/../../../../pic32c/lib/thumb/v7e-m+fp/hard\libc-musl.a(memcpy.o)
 .debug_frame   0x00001364       0x20 c:/program files/microchip/xc32/v4.30/bin/bin/../../lib/gcc/pic32c/8.3.1/../../../../pic32c/lib/thumb/v7e-m+fp/hard\libc-musl.a(memset.o)
 .debug_frame   0x00001384       0x20 c:/program files/microchip/xc32/v4.30/bin/bin/../../lib/gcc/pic32c/8.3.1/../../../../pic32c/lib/thumb/v7e-m+fp/hard\libc-musl.a(strlen.o)
 .debug_frame   0x000013a4       0x28 c:/program files/microchip/xc32/v4.30/bin/bin/../../lib/gcc/pic32c/8.3.1/../../../../pic32c/lib/thumb/v7e-m+fp/hard\libc-musl.a(strcmp.o)
 .debug_frame   0x000013cc       0x30 c:/program files/microchip/xc32/v4.30/bin/bin/../../lib/gcc/pic32c/8.3.1/../../../../pic32c/lib/thumb/v7e-m+fp/hard\libc-musl.a(tolower.o)
 .debug_frame   0x000013fc       0x34 c:/program files/microchip/xc32/v4.30/bin/bin/../../lib/gcc/pic32c/8.3.1/../../../../pic32c/lib/thumb/v7e-m+fp/hard\libc-musl.a(__int_vsnprintf.o)
 .debug_frame   0x00001430       0x38 c:/program files/microchip/xc32/v4.30/bin/bin/../../lib/gcc/pic32c/8.3.1/../../../../pic32c/lib/thumb/v7e-m+fp/hard\libc-musl.a(__cvt_u.o)
 .debug_frame   0x00001468       0x20 c:/program files/microchip/xc32/v4.30/bin/bin/../../lib/gcc/pic32c/8.3.1/../../../../pic32c/lib/thumb/v7e-m+fp/hard\libc-musl.a(__pop_float.o)
 .debug_frame   0x00001488       0x2c c:/program files/microchip/xc32/v4.30/bin/bin/../../lib/gcc/pic32c/8.3.1/../../../../pic32c/lib/thumb/v7e-m+fp/hard\libc-musl.a(__int_vfprintf.o)
 .debug_frame   0x000014b4       0x2c c:/program files/microchip/xc32/v4.30/bin/bin/../../lib/gcc/pic32c/8.3.1/thumb/v7e-m+fp/hard\libgcc.a(_aeabi_uldivmod.o)
 .debug_frame   0x000014e0       0x38 c:/program files/microchip/xc32/v4.30/bin/bin/../../lib/gcc/pic32c/8.3.1/thumb/v7e-m+fp/hard\libgcc.a(_udivmoddi4.o)
 .debug_frame   0x00001518       0x20 c:/program files/microchip/xc32/v4.30/bin/bin/../../lib/gcc/pic32c/8.3.1/../../../../pic32c/lib/thumb/v7e-m+fp/hard\libpic32c.a(pic32_data_init_clear.o)
 .debug_frame   0x00001538       0x28 c:/program files/microchip/xc32/v4.30/bin/bin/../../lib/gcc/pic32c/8.3.1/../../../../pic32c/lib/thumb/v7e-m+fp/hard\libpic32c.a(pic32_data_init_copy.o)

.note.GNU-stack
                0x00000000        0x0
 .note.GNU-stack
                0x00000000        0x0 c:/program files/microchip/xc32/v4.30/bin/bin/../../lib/gcc/pic32c/8.3.1/../../../../pic32c/lib/thumb/v7e-m+fp/hard\libc-musl.a(__libc_start_main.o)
 .note.GNU-stack
                0x00000000        0x0 c:/program files/microchip/xc32/v4.30/bin/bin/../../lib/gcc/pic32c/8.3.1/../../../../pic32c/lib/thumb/v7e-m+fp/hard\libc-musl.a(libc.o)
 .note.GNU-stack
                0x00000000        0x0 c:/program files/microchip/xc32/v4.30/bin/bin/../../lib/gcc/pic32c/8.3.1/../../../../pic32c/lib/thumb/v7e-m+fp/hard\libc-musl.a(__sio_snprintf_cdns.o)
 .note.GNU-stack
                0x00000000        0x0 c:/program files/microchip/xc32/v4.30/bin/bin/../../lib/gcc/pic32c/8.3.1/../../../../pic32c/lib/thumb/v7e-m+fp/hard\libc-musl.a(__fmt_d.o)
 .note.GNU-stack
                0x00000000        0x0 c:/program files/microchip/xc32/v4.30/bin/bin/../../lib/gcc/pic32c/8.3.1/../../../../pic32c/lib/thumb/v7e-m+fp/hard\libc-musl.a(__fmt_s.o)
 .note.GNU-stack
                0x00000000        0x0 c:/program files/microchip/xc32/v4.30/bin/bin/../../lib/gcc/pic32c/8.3.1/../../../../pic32c/lib/thumb/v7e-m+fp/hard\libc-musl.a(__pop_int.o)
 .note.GNU-stack
                0x00000000        0x0 c:/program files/microchip/xc32/v4.30/bin/bin/../../lib/gcc/pic32c/8.3.1/../../../../pic32c/lib/thumb/v7e-m+fp/hard\libc-musl.a(__pop_ptr.o)
 .note.GNU-stack
                0x00000000        0x0 c:/program files/microchip/xc32/v4.30/bin/bin/../../lib/gcc/pic32c/8.3.1/../../../../pic32c/lib/thumb/v7e-m+fp/hard\libc-musl.a(__printf_core.o)
 .note.GNU-stack
                0x00000000        0x0 c:/program files/microchip/xc32/v4.30/bin/bin/../../lib/gcc/pic32c/8.3.1/../../../../pic32c/lib/thumb/v7e-m+fp/hard\libc-musl.a(atoi.o)
 .note.GNU-stack
                0x00000000        0x0 c:/program files/microchip/xc32/v4.30/bin/bin/../../lib/gcc/pic32c/8.3.1/../../../../pic32c/lib/thumb/v7e-m+fp/hard\libc-musl.a(memcpy.o)
 .note.GNU-stack
                0x00000000        0x0 c:/program files/microchip/xc32/v4.30/bin/bin/../../lib/gcc/pic32c/8.3.1/../../../../pic32c/lib/thumb/v7e-m+fp/hard\libc-musl.a(memset.o)
 .note.GNU-stack
                0x00000000        0x0 c:/program files/microchip/xc32/v4.30/bin/bin/../../lib/gcc/pic32c/8.3.1/../../../../pic32c/lib/thumb/v7e-m+fp/hard\libc-musl.a(strlen.o)
 .note.GNU-stack
                0x00000000        0x0 c:/program files/microchip/xc32/v4.30/bin/bin/../../lib/gcc/pic32c/8.3.1/../../../../pic32c/lib/thumb/v7e-m+fp/hard\libc-musl.a(strcmp.o)
 .note.GNU-stack
                0x00000000        0x0 c:/program files/microchip/xc32/v4.30/bin/bin/../../lib/gcc/pic32c/8.3.1/../../../../pic32c/lib/thumb/v7e-m+fp/hard\libc-musl.a(tolower.o)
 .note.GNU-stack
                0x00000000        0x0 c:/program files/microchip/xc32/v4.30/bin/bin/../../lib/gcc/pic32c/8.3.1/../../../../pic32c/lib/thumb/v7e-m+fp/hard\libc-musl.a(__environ.o)
 .note.GNU-stack
                0x00000000        0x0 c:/program files/microchip/xc32/v4.30/bin/bin/../../lib/gcc/pic32c/8.3.1/../../../../pic32c/lib/thumb/v7e-m+fp/hard\libc-musl.a(__errno_location.o)
 .note.GNU-stack
                0x00000000        0x0 c:/program files/microchip/xc32/v4.30/bin/bin/../../lib/gcc/pic32c/8.3.1/../../../../pic32c/lib/thumb/v7e-m+fp/hard\libc-musl.a(__int_vsnprintf.o)
 .note.GNU-stack
                0x00000000        0x0 c:/program files/microchip/xc32/v4.30/bin/bin/../../lib/gcc/pic32c/8.3.1/../../../../pic32c/lib/thumb/v7e-m+fp/hard\libc-musl.a(__cvt_u.o)
 .note.GNU-stack
                0x00000000        0x0 c:/program files/microchip/xc32/v4.30/bin/bin/../../lib/gcc/pic32c/8.3.1/../../../../pic32c/lib/thumb/v7e-m+fp/hard\libc-musl.a(__pop_float.o)
 .note.GNU-stack
                0x00000000        0x0 c:/program files/microchip/xc32/v4.30/bin/bin/../../lib/gcc/pic32c/8.3.1/../../../../pic32c/lib/thumb/v7e-m+fp/hard\libc-musl.a(__int_vfprintf.o)

.stack          0x20000578      0x100
 .stack         0x20000578      0x100 stack

.bss.uartTxBuffer%1
                0x20000010      0x190
 .bss.uartTxBuffer
                0x20000010      0x190 build/sam_e51_cnano/production/_ext/1360937237/main.o

.bss.eicCallbackObject%2
                0x200001a0       0xc0
 .bss.eicCallbackObject
                0x200001a0       0xc0 build/sam_e51_cnano/production/_ext/1220119669/plib_eic.o

.bss%3          0x20000260       0x50
 .bss           0x20000260       0x50 c:/program files/microchip/xc32/v4.30/bin/bin/../../lib/gcc/pic32c/8.3.1/../../../../pic32c/lib/thumb/v7e-m+fp/hard\libc-musl.a(libc.o)
                0x20000260                __progname_full
                0x20000260                program_invocation_name
                0x20000264                program_invocation_short_name
                0x20000264                __progname
                0x20000268                __sysinfo
                0x2000026c                __hwcap
                0x20000270                __libc

.bss%4          0x200002b0       0x1c
 .bss           0x200002b0       0x1c c:/program files/microchip/xc32/v4.30/bin/bin/../../lib/gcc/pic32c/8.3.1/thumb/v7e-m+fp/hard/crtbegin.o

.bss._write_back_section%5
                0x200002d0       0x10
 .bss._write_back_section
                0x200002d0       0x10 build/sam_e51_cnano/production/_ext/831021835/plib_dmac.o

.bss.descriptor_section%6
                0x200002e0       0x10
 .bss.descriptor_section
                0x200002e0       0x10 build/sam_e51_cnano/production/_ext/831021835/plib_dmac.o

.bss.rtcObj%7   0x200002f0        0xc
 .bss.rtcObj    0x200002f0        0xc build/sam_e51_cnano/production/_ext/1220132503/plib_rtc_timer.o

.bss%8          0x200002cc        0x4
 .bss           0x200002cc        0x4 c:/program files/microchip/xc32/v4.30/bin/bin/../../lib/gcc/pic32c/8.3.1/../../../../pic32c/lib/thumb/v7e-m+fp/hard\libpic32c.a(data_init.o)

.bss%9          0x200002fc        0x4
 .bss           0x200002fc        0x4 c:/program files/microchip/xc32/v4.30/bin/bin/../../lib/gcc/pic32c/8.3.1/../../../../pic32c/lib/thumb/v7e-m+fp/hard\libc-musl.a(__environ.o)
                0x200002fc                __environ
                0x200002fc                environ
                0x200002fc                ___environ
                0x200002fc                _environ

.bss%10         0x20000300        0x4
 .bss           0x20000300        0x4 c:/program files/microchip/xc32/v4.30/bin/bin/../../lib/gcc/pic32c/8.3.1/../../../../pic32c/lib/thumb/v7e-m+fp/hard\libc-musl.a(__errno_location.o)
                0x20000300                __errno_val

.bss.isRTCExpired%11
                0x20000304        0x1
 .bss.isRTCExpired
                0x20000304        0x1 build/sam_e51_cnano/production/_ext/1360937237/main.o

.data%12        0x20000308       0x23
 .data          0x20000308       0x23 build/sam_e51_cnano/production/_ext/1360937237/asmFunc.o
                0x20000308                nameStr
                0x20000327                nameStrPtr

.data.inp1Array%13
                0x2000032c       0x10
 .data.inp1Array
                0x2000032c       0x10 build/sam_e51_cnano/production/_ext/1360937237/main.o

.data.inp2Array%14
                0x2000033c       0x10
 .data.inp2Array
                0x2000033c       0x10 build/sam_e51_cnano/production/_ext/1360937237/main.o

.data.pass%15   0x2000034c        0x4
 .data.pass     0x2000034c        0x4 build/sam_e51_cnano/production/_ext/1360937237/main.o

.data.fail%16   0x20000350        0x4
 .data.fail     0x20000350        0x4 build/sam_e51_cnano/production/_ext/1360937237/main.o

.data.s2.9000%17
                0x20000354        0x4
 .data.s2.9000  0x20000354        0x4 build/sam_e51_cnano/production/_ext/1360937237/main.o

.data.isUSARTTxComplete%18
                0x2000032b        0x1
 .data.isUSARTTxComplete
                0x2000032b        0x1 build/sam_e51_cnano/production/_ext/1360937237/main.o

.data.firstTime.9001%19
                0x20000305        0x1
 .data.firstTime.9001
                0x20000305        0x1 build/sam_e51_cnano/production/_ext/1360937237/main.o

.eh_frame%z1    0x00000000        0x0
 .eh_frame      0x00000000        0x0 c:/program files/microchip/xc32/v4.30/bin/bin/../../lib/gcc/pic32c/8.3.1/thumb/v7e-m+fp/hard/crtbegin.o

.config_00804008.__config_00804008%20
                0x00804008        0x4
 .config_00804008.__config_00804008
                0x00804008        0x4 build/sam_e51_cnano/production/_ext/570918426/initialization.o
                0x00804008                __config_00804008

.config_00804004.__config_00804004%21
                0x00804004        0x4
 .config_00804004.__config_00804004
                0x00804004        0x4 build/sam_e51_cnano/production/_ext/570918426/initialization.o
                0x00804004                __config_00804004

.config_00804000.__config_00804000%22
                0x00804000        0x4
 .config_00804000.__config_00804000
                0x00804000        0x4 build/sam_e51_cnano/production/_ext/570918426/initialization.o
                0x00804000                __config_00804000

.text.__printf_core%23
                0x00000288      0x308
 .text.__printf_core
                0x00000288      0x308 c:/program files/microchip/xc32/v4.30/bin/bin/../../lib/gcc/pic32c/8.3.1/../../../../pic32c/lib/thumb/v7e-m+fp/hard\libc-musl.a(__printf_core.o)
                0x00000288                __printf_core

.text%24        0x00000590      0x2bc
 .text          0x00000590      0x2bc c:/program files/microchip/xc32/v4.30/bin/bin/../../lib/gcc/pic32c/8.3.1/thumb/v7e-m+fp/hard\libgcc.a(_udivmoddi4.o)
                0x00000590                __udivmoddi4

.dinit%25       0x0000084c      0x120
 .dinit         0x0000084c      0x120 data_init

.text.main%26   0x000009ec      0x198
 .text.main     0x000009ec      0x198 build/sam_e51_cnano/production/_ext/1360937237/main.o
                0x000009ec                main

.rodata%27      0x00000b84      0x160
 .rodata        0x00000b84      0x160 build/sam_e51_cnano/production/_ext/1360937237/main.o

.text.DMAC_ChannelTransfer%28
                0x00000ce4      0x158
 .text.DMAC_ChannelTransfer
                0x00000ce4      0x158 build/sam_e51_cnano/production/_ext/831021835/plib_dmac.o
                0x00000ce4                DMAC_ChannelTransfer

.text.testResult%29
                0x00000e3c      0x110
 .text.testResult
                0x00000e3c      0x110 build/sam_e51_cnano/production/_ext/1360937237/main.o

.text.EIC_Initialize%30
                0x00000f4c      0x104
 .text.EIC_Initialize
                0x00000f4c      0x104 build/sam_e51_cnano/production/_ext/1220119669/plib_eic.o
                0x00000f4c                EIC_Initialize

.text.__pop_int%31
                0x00001050       0xac
 .text.__pop_int
                0x00001050       0xac c:/program files/microchip/xc32/v4.30/bin/bin/../../lib/gcc/pic32c/8.3.1/../../../../pic32c/lib/thumb/v7e-m+fp/hard\libc-musl.a(__pop_int.o)
                0x00001050                __pop_int_needed
                0x00001050                __pop_int

.text.__fmt_d%32
                0x000010fc       0xa8
 .text.__fmt_d  0x000010fc       0xa8 c:/program files/microchip/xc32/v4.30/bin/bin/../../lib/gcc/pic32c/8.3.1/../../../../pic32c/lib/thumb/v7e-m+fp/hard\libc-musl.a(__fmt_d.o)
                0x000010fc                __fmt_d
                0x000010fc                __fmt_d_needed

.text.DMAC_Initialize%33
                0x000011a4       0xa0
 .text.DMAC_Initialize
                0x000011a4       0xa0 build/sam_e51_cnano/production/_ext/831021835/plib_dmac.o
                0x000011a4                DMAC_Initialize

.text._DMAC_interruptHandler%34
                0x00001244       0x9c
 .text._DMAC_interruptHandler
                0x00001244       0x9c build/sam_e51_cnano/production/_ext/831021835/plib_dmac.o
                0x00001244                _DMAC_interruptHandler

.text.__pad%35  0x000012e0       0x80
 .text.__pad    0x000012e0       0x80 c:/program files/microchip/xc32/v4.30/bin/bin/../../lib/gcc/pic32c/8.3.1/../../../../pic32c/lib/thumb/v7e-m+fp/hard\libc-musl.a(__printf_core.o)
                0x000012e0                __pad

.text.__pop_ptr%36
                0x00001360       0x7c
 .text.__pop_ptr
                0x00001360       0x7c c:/program files/microchip/xc32/v4.30/bin/bin/../../lib/gcc/pic32c/8.3.1/../../../../pic32c/lib/thumb/v7e-m+fp/hard\libc-musl.a(__pop_ptr.o)
                0x00001360                __pop_ptr
                0x00001360                __pop_ptr_needed

.text.__cvt_u%37
                0x000013dc       0x78
 .text.__cvt_u  0x000013dc       0x78 c:/program files/microchip/xc32/v4.30/bin/bin/../../lib/gcc/pic32c/8.3.1/../../../../pic32c/lib/thumb/v7e-m+fp/hard\libc-musl.a(__cvt_u.o)
                0x000013dc                __cvt_u

.text.CLOCK_Initialize%38
                0x00001454       0x74
 .text.CLOCK_Initialize
                0x00001454       0x74 build/sam_e51_cnano/production/_ext/7187140/plib_clock.o
                0x00001454                CLOCK_Initialize

.text.FDPLL0_Initialize%39
                0x000014c8       0x6c
 .text.FDPLL0_Initialize
                0x000014c8       0x6c build/sam_e51_cnano/production/_ext/7187140/plib_clock.o

.text.RTC_Initialize%40
                0x00001534       0x60
 .text.RTC_Initialize
                0x00001534       0x60 build/sam_e51_cnano/production/_ext/1220132503/plib_rtc_timer.o
                0x00001534                RTC_Initialize

.text.__libc_start_init%41
                0x00001594       0x5c
 .text.__libc_start_init
                0x00001594       0x5c c:/program files/microchip/xc32/v4.30/bin/bin/../../lib/gcc/pic32c/8.3.1/../../../../pic32c/lib/thumb/v7e-m+fp/hard\libc-musl.a(__libc_start_main.o)
                0x00001594                __libc_init_array

.text.__fmt_s%42
                0x000015f0       0x58
 .text.__fmt_s  0x000015f0       0x58 c:/program files/microchip/xc32/v4.30/bin/bin/../../lib/gcc/pic32c/8.3.1/../../../../pic32c/lib/thumb/v7e-m+fp/hard\libc-musl.a(__fmt_s.o)
                0x000015f0                __fmt_s
                0x000015f0                __fmt_0_needed
                0x000015f0                __fmt_s_needed

.text.__NVIC_SetPriority%43
                0x00001648       0x54
 .text.__NVIC_SetPriority
                0x00001648       0x54 build/sam_e51_cnano/production/_ext/830715028/plib_nvic.o

.text.Reset_Handler%44
                0x0000169c       0x54
 .text.Reset_Handler
                0x0000169c       0x54 build/sam_e51_cnano/production/_ext/570918426/startup_xc32.o
                0x0000169c                Reset_Handler

.text.__vsnprintf%45
                0x000016f0       0x50
 .text.__vsnprintf
                0x000016f0       0x50 c:/program files/microchip/xc32/v4.30/bin/bin/../../lib/gcc/pic32c/8.3.1/../../../../pic32c/lib/thumb/v7e-m+fp/hard\libc-musl.a(__int_vsnprintf.o)
                0x000016f0                __vsnprintf

.text.SERCOM5_USART_Initialize%46
                0x00001740       0x4c
 .text.SERCOM5_USART_Initialize
                0x00001740       0x4c build/sam_e51_cnano/production/_ext/314480351/plib_sercom5_usart.o
                0x00001740                SERCOM5_USART_Initialize

.text.__pic32c_data_initialization%47
                0x0000178c       0x4c
 .text.__pic32c_data_initialization
                0x0000178c       0x4c c:/program files/microchip/xc32/v4.30/bin/bin/../../lib/gcc/pic32c/8.3.1/../../../../pic32c/lib/thumb/v7e-m+fp/hard\libpic32c.a(data_init.o)
                0x0000178c                __pic32c_data_initialization

.text.__NVIC_SetPriorityGrouping%48
                0x000017d8       0x48
 .text.__NVIC_SetPriorityGrouping
                0x000017d8       0x48 build/sam_e51_cnano/production/_ext/830715028/plib_nvic.o

.text.atoi%49   0x00001820       0x46
 .text.atoi     0x00001820       0x46 c:/program files/microchip/xc32/v4.30/bin/bin/../../lib/gcc/pic32c/8.3.1/../../../../pic32c/lib/thumb/v7e-m+fp/hard\libc-musl.a(atoi.o)
                0x00001820                atoi

.text.GCLK0_Initialize%50
                0x00001868       0x44
 .text.GCLK0_Initialize
                0x00001868       0x44 build/sam_e51_cnano/production/_ext/7187140/plib_clock.o

.text.PORT_Initialize%51
                0x000018ac       0x44
 .text.PORT_Initialize
                0x000018ac       0x44 build/sam_e51_cnano/production/_ext/830661877/plib_port.o
                0x000018ac                PORT_Initialize

.text.FPU_Enable%52
                0x000018f0       0x44
 .text.FPU_Enable
                0x000018f0       0x44 build/sam_e51_cnano/production/_ext/570918426/startup_xc32.o

.text%53        0x00001934       0x40
 .text          0x00001934       0x40 c:/program files/microchip/xc32/v4.30/bin/bin/../../lib/gcc/pic32c/8.3.1/thumb/v7e-m+fp/hard/crtbegin.o

.text.ICache_Enable%54
                0x00001974       0x40
 .text.ICache_Enable
                0x00001974       0x40 build/sam_e51_cnano/production/_ext/570918426/startup_xc32.o

.text.NVIC_Initialize%55
                0x000019b4       0x3e
 .text.NVIC_Initialize
                0x000019b4       0x3e build/sam_e51_cnano/production/_ext/830715028/plib_nvic.o
                0x000019b4                NVIC_Initialize

.text.DMAC_ChannelCallbackRegister%56
                0x000019f4       0x3c
 .text.DMAC_ChannelCallbackRegister
                0x000019f4       0x3c build/sam_e51_cnano/production/_ext/831021835/plib_dmac.o
                0x000019f4                DMAC_ChannelCallbackRegister

.text.__NVIC_EnableIRQ%57
                0x00001a30       0x3c
 .text.__NVIC_EnableIRQ
                0x00001a30       0x3c build/sam_e51_cnano/production/_ext/830715028/plib_nvic.o

.text.RTC_InterruptHandler%58
                0x00001a6c       0x3c
 .text.RTC_InterruptHandler
                0x00001a6c       0x3c build/sam_e51_cnano/production/_ext/1220132503/plib_rtc_timer.o
                0x00001a6c                RTC_InterruptHandler

.text.__fmt_state%59
                0x00001aa8       0x38
 .text.__fmt_state
                0x00001aa8       0x38 c:/program files/microchip/xc32/v4.30/bin/bin/../../lib/gcc/pic32c/8.3.1/../../../../pic32c/lib/thumb/v7e-m+fp/hard\libc-musl.a(__printf_core.o)
                0x00001aa8                __fmt_state

.text.EIC_EXTINT_15_InterruptHandler%60
                0x00001ae0       0x34
 .text.EIC_EXTINT_15_InterruptHandler
                0x00001ae0       0x34 build/sam_e51_cnano/production/_ext/1220119669/plib_eic.o
                0x00001ae0                EIC_EXTINT_15_InterruptHandler

.text.SYS_Initialize%61
                0x00001b14       0x34
 .text.SYS_Initialize
                0x00001b14       0x34 build/sam_e51_cnano/production/_ext/570918426/initialization.o
                0x00001b14                SYS_Initialize

.text.RTC_Timer32Start%62
                0x00001b48       0x30
 .text.RTC_Timer32Start
                0x00001b48       0x30 build/sam_e51_cnano/production/_ext/1220132503/plib_rtc_timer.o
                0x00001b48                RTC_Timer32Start

.text%63        0x00001b78       0x30
 .text          0x00001b78       0x30 c:/program files/microchip/xc32/v4.30/bin/bin/../../lib/gcc/pic32c/8.3.1/thumb/v7e-m+fp/hard\libgcc.a(_aeabi_uldivmod.o)
                0x00001b78                __aeabi_uldivmod

.text.GCLK1_Initialize%64
                0x00001ba8       0x2c
 .text.GCLK1_Initialize
                0x00001ba8       0x2c build/sam_e51_cnano/production/_ext/7187140/plib_clock.o

.text.GCLK2_Initialize%65
                0x00001bd4       0x2c
 .text.GCLK2_Initialize
                0x00001bd4       0x2c build/sam_e51_cnano/production/_ext/7187140/plib_clock.o

.text.RTC_Timer32CounterSet%66
                0x00001c00       0x2c
 .text.RTC_Timer32CounterSet
                0x00001c00       0x2c build/sam_e51_cnano/production/_ext/1220132503/plib_rtc_timer.o
                0x00001c00                RTC_Timer32CounterSet

.text.RTC_Timer32Compare0Set%67
                0x00001c2c       0x2c
 .text.RTC_Timer32Compare0Set
                0x00001c2c       0x2c build/sam_e51_cnano/production/_ext/1220132503/plib_rtc_timer.o
                0x00001c2c                RTC_Timer32Compare0Set

.text.rtcEventHandler%68
                0x00001c58       0x2c
 .text.rtcEventHandler
                0x00001c58       0x2c build/sam_e51_cnano/production/_ext/1360937237/main.o

.text.__pop_float%69
                0x00001c84       0x2a
 .text.__pop_float
                0x00001c84       0x2a c:/program files/microchip/xc32/v4.30/bin/bin/../../lib/gcc/pic32c/8.3.1/../../../../pic32c/lib/thumb/v7e-m+fp/hard\libc-musl.a(__pop_float.o)
                0x00001c84                __pop_float_needed
                0x00001c84                __pop_float

.text.RTC_Timer32CallbackRegister%70
                0x00001cb0       0x28
 .text.RTC_Timer32CallbackRegister
                0x00001cb0       0x28 build/sam_e51_cnano/production/_ext/1220132503/plib_rtc_timer.o
                0x00001cb0                RTC_Timer32CallbackRegister

.text.usartDmaChannelHandler%71
                0x00001cd8       0x28
 .text.usartDmaChannelHandler
                0x00001cd8       0x28 build/sam_e51_cnano/production/_ext/1360937237/main.o

.text.__string_out%72
                0x00001d00       0x26
 .text.__string_out
                0x00001d00       0x26 c:/program files/microchip/xc32/v4.30/bin/bin/../../lib/gcc/pic32c/8.3.1/../../../../pic32c/lib/thumb/v7e-m+fp/hard\libc-musl.a(__printf_core.o)
                0x00001d00                __out

.text.TCM_Configure%73
                0x00001d28       0x24
 .text.TCM_Configure
                0x00001d28       0x24 build/sam_e51_cnano/production/_ext/570918426/startup_xc32.o

.rodata%74      0x00001d4c       0x1e
 .rodata        0x00001d4c       0x1e c:/program files/microchip/xc32/v4.30/bin/bin/../../lib/gcc/pic32c/8.3.1/../../../../pic32c/lib/thumb/v7e-m+fp/hard\libc-musl.a(__printf_core.o)

.text.__dinit_copy%75
                0x00001d6a       0x1e
 .text.__dinit_copy
                0x00001d6a       0x1e c:/program files/microchip/xc32/v4.30/bin/bin/../../lib/gcc/pic32c/8.3.1/../../../../pic32c/lib/thumb/v7e-m+fp/hard\libpic32c.a(pic32_data_init_copy.o)
                0x00001d6a                __dinit_copy_needed
                0x00001d6a                __dinit_copy

.text.NVMCTRL_Initialize%76
                0x00001d88       0x1c
 .text.NVMCTRL_Initialize
                0x00001d88       0x1c build/sam_e51_cnano/production/_ext/226030394/plib_nvmctrl.o
                0x00001d88                NVMCTRL_Initialize

.text.__vfprintf%77
                0x00001da4       0x1c
 .text.__vfprintf
                0x00001da4       0x1c c:/program files/microchip/xc32/v4.30/bin/bin/../../lib/gcc/pic32c/8.3.1/../../../../pic32c/lib/thumb/v7e-m+fp/hard\libc-musl.a(__int_vfprintf.o)
                0x00001da4                __vfprintf

.text.__wrap_snprintf%78
                0x00001dc0       0x1a
 .text.__wrap_snprintf
                0x00001dc0       0x1a c:/program files/microchip/xc32/v4.30/bin/bin/../../lib/gcc/pic32c/8.3.1/../../../../pic32c/lib/thumb/v7e-m+fp/hard\libc-musl.a(__sio_snprintf_cdns.o)
                0x00001dc0                _dsnprintf_cdns
                0x00001dc0                _snprintf_cdns

.text.OSC32KCTRL_Initialize%79
                0x00001ddc       0x18
 .text.OSC32KCTRL_Initialize
                0x00001ddc       0x18 build/sam_e51_cnano/production/_ext/7187140/plib_clock.o

.text.strcmp%80
                0x00001df4       0x16
 .text.strcmp   0x00001df4       0x16 c:/program files/microchip/xc32/v4.30/bin/bin/../../lib/gcc/pic32c/8.3.1/../../../../pic32c/lib/thumb/v7e-m+fp/hard\libc-musl.a(strcmp.o)
                0x00001df4                strcmp

.rodata%81      0x00001e0c       0x14
 .rodata        0x00001e0c       0x14 c:/program files/microchip/xc32/v4.30/bin/bin/../../lib/gcc/pic32c/8.3.1/../../../../pic32c/lib/thumb/v7e-m+fp/hard\libpic32c.a(data_init.o)

.text.memcpy%82
                0x00001e20       0x12
 .text.memcpy   0x00001e20       0x12 c:/program files/microchip/xc32/v4.30/bin/bin/../../lib/gcc/pic32c/8.3.1/../../../../pic32c/lib/thumb/v7e-m+fp/hard\libc-musl.a(memcpy.o)
                0x00001e20                memcpy

.text.__dinit_clear%83
                0x00001e32       0x12
 .text.__dinit_clear
                0x00001e32       0x12 c:/program files/microchip/xc32/v4.30/bin/bin/../../lib/gcc/pic32c/8.3.1/../../../../pic32c/lib/thumb/v7e-m+fp/hard\libpic32c.a(pic32_data_init_clear.o)
                0x00001e32                __dinit_clear
                0x00001e32                __dinit_clear_needed

.text.memset%84
                0x00001e44       0x10
 .text.memset   0x00001e44       0x10 c:/program files/microchip/xc32/v4.30/bin/bin/../../lib/gcc/pic32c/8.3.1/../../../../pic32c/lib/thumb/v7e-m+fp/hard\libc-musl.a(memset.o)
                0x00001e44                memset

.text.strlen%85
                0x00001e54       0x10
 .text.strlen   0x00001e54       0x10 c:/program files/microchip/xc32/v4.30/bin/bin/../../lib/gcc/pic32c/8.3.1/../../../../pic32c/lib/thumb/v7e-m+fp/hard\libc-musl.a(strlen.o)
                0x00001e54                strlen

.text.OSCCTRL_Initialize%86
                0x00001e64        0xe
 .text.OSCCTRL_Initialize
                0x00001e64        0xe build/sam_e51_cnano/production/_ext/7187140/plib_clock.o

.text.DFLL_Initialize%87
                0x00001e72        0xe
 .text.DFLL_Initialize
                0x00001e72        0xe build/sam_e51_cnano/production/_ext/7187140/plib_clock.o

.text.DMAC_0_InterruptHandler%88
                0x00001e80        0xe
 .text.DMAC_0_InterruptHandler
                0x00001e80        0xe build/sam_e51_cnano/production/_ext/831021835/plib_dmac.o
                0x00001e80                DMAC_0_InterruptHandler

.text.EVSYS_Initialize%89
                0x00001e8e        0xe
 .text.EVSYS_Initialize
                0x00001e8e        0xe build/sam_e51_cnano/production/_ext/9336626/plib_evsys.o
                0x00001e8e                EVSYS_Initialize

.text.tolower%90
                0x00001e9c        0xe
 .text.tolower  0x00001e9c        0xe c:/program files/microchip/xc32/v4.30/bin/bin/../../lib/gcc/pic32c/8.3.1/../../../../pic32c/lib/thumb/v7e-m+fp/hard\libc-musl.a(tolower.o)
                0x00001e9c                tolower

.text%91        0x00001eac        0xc
 .text          0x00001eac        0xc build/sam_e51_cnano/production/_ext/1360937237/asmFunc.o
                0x00001eac                asmFunc

.rodata%92      0x00001eb8        0x7
 .rodata        0x00001eb8        0x7 c:/program files/microchip/xc32/v4.30/bin/bin/../../lib/gcc/pic32c/8.3.1/../../../../pic32c/lib/thumb/v7e-m+fp/hard\libc-musl.a(__fmt_s.o)

.text.NonMaskableInt_Handler%93
                0x00001ec0        0x6
 .text.NonMaskableInt_Handler
                0x00001ec0        0x6 build/sam_e51_cnano/production/_ext/570918426/exceptions.o
                0x00001ec0                NonMaskableInt_Handler

.text.HardFault_Handler%94
                0x00001ec6        0x6
 .text.HardFault_Handler
                0x00001ec6        0x6 build/sam_e51_cnano/production/_ext/570918426/exceptions.o
                0x00001ec6                HardFault_Handler

.text.DebugMonitor_Handler%95
                0x00001ecc        0x6
 .text.DebugMonitor_Handler
                0x00001ecc        0x6 build/sam_e51_cnano/production/_ext/570918426/exceptions.o